stm32l0xx_hal_dac.c:311:13:HAL_DAC_MspInit	0	static
stm32l0xx_hal_dac.c:237:19:HAL_DAC_Init	8	static
stm32l0xx_hal_dac.c:327:13:HAL_DAC_MspDeInit	0	static
stm32l0xx_hal_dac.c:275:19:HAL_DAC_DeInit	8	static
stm32l0xx_hal_dac.c:370:26:HAL_DAC_Start	0	static
stm32l0xx_hal_dac.c:393:19:HAL_DAC_Stop	12	static
stm32l0xx_hal_dac.c:425:26:HAL_DAC_Start_DMA	0	static
stm32l0xx_hal_dac.c:451:26:HAL_DAC_Stop_DMA	0	static
stm32l0xx_hal_dac.c:474:17:HAL_DAC_GetValue	0	static
stm32l0xx_hal_dac.c:493:13:HAL_DAC_IRQHandler	0	static
stm32l0xx_hal_dac.c:509:13:HAL_DAC_ConvCpltCallbackCh1	0	static
stm32l0xx_hal_dac.c:525:13:HAL_DAC_ConvHalfCpltCallbackCh1	0	static
stm32l0xx_hal_dac.c:541:13:HAL_DAC_ErrorCallbackCh1	0	static
stm32l0xx_hal_dac.c:557:13:HAL_DAC_DMAUnderrunCallbackCh1	0	static
stm32l0xx_hal_dac.c:597:19:HAL_DAC_ConfigChannel	16	static
stm32l0xx_hal_dac.c:662:22:HAL_DAC_GetState	0	static
stm32l0xx_hal_dac.c:675:10:HAL_DAC_GetError	0	static
stm32l0xx_hal_dac.c:696:26:HAL_DAC_SetValue	0	static
