stm32l0xx_hal_flash_ramfunc.c:416:19:FLASHRAM_SetErrorCode	0	static
stm32l0xx_hal_flash_ramfunc.c:476:20:FLASHRAM_WaitForLastOperation	8	static
stm32l0xx_hal_flash_ramfunc.c:133:12:HAL_FLASHEx_EnableRunPowerDown	0	static
stm32l0xx_hal_flash_ramfunc.c:146:12:HAL_FLASHEx_DisableRunPowerDown	0	static
stm32l0xx_hal_flash_ramfunc.c:183:12:HAL_FLASHEx_EraseParallelPage	24	static
stm32l0xx_hal_flash_ramfunc.c:242:12:HAL_FLASHEx_ProgramParallelHalfPage	24	static,ignoring_inline_asm
stm32l0xx_hal_flash_ramfunc.c:323:12:HAL_FLASHEx_HalfPageProgram	16	static,ignoring_inline_asm
stm32l0xx_hal_flash_ramfunc.c:394:12:HAL_FLASHEx_GetError	0	static
