stm32l0xx_hal_dac_ex.c:1025:13:DAC_DMAErrorCh1	8	static
stm32l0xx_hal_dac_ex.c:1012:13:DAC_DMAHalfConvCpltCh1	8	static
stm32l0xx_hal_dac_ex.c:997:13:DAC_DMAConvCpltCh1	8	static
stm32l0xx_hal_dac_ex.c:111:10:HAL_DACEx_DualGetValue	0	static
stm32l0xx_hal_dac_ex.c:148:19:HAL_DACEx_TriangleWaveGenerate	16	static
stm32l0xx_hal_dac_ex.c:198:19:HAL_DACEx_NoiseWaveGenerate	16	static
stm32l0xx_hal_dac_ex.c:239:19:HAL_DACEx_DualSetValue	0	static
stm32l0xx_hal_dac_ex.c:275:13:HAL_DACEx_ConvCpltCallbackCh2	0	static
stm32l0xx_hal_dac_ex.c:950:13:DAC_DMAConvCpltCh2	8	static
stm32l0xx_hal_dac_ex.c:291:13:HAL_DACEx_ConvHalfCpltCallbackCh2	0	static
stm32l0xx_hal_dac_ex.c:965:13:DAC_DMAHalfConvCpltCh2	8	static
stm32l0xx_hal_dac_ex.c:307:13:HAL_DACEx_ErrorCallbackCh2	0	static
stm32l0xx_hal_dac_ex.c:978:13:DAC_DMAErrorCh2	8	static
stm32l0xx_hal_dac_ex.c:323:13:HAL_DACEx_DMAUnderrunCallbackCh2	0	static
stm32l0xx_hal_dac_ex.c:343:19:HAL_DAC_Start	8	static
stm32l0xx_hal_dac_ex.c:409:19:HAL_DAC_Start_DMA	24	static
stm32l0xx_hal_dac_ex.c:529:19:HAL_DAC_Stop_DMA	8	static
stm32l0xx_hal_dac_ex.c:579:10:HAL_DAC_GetValue	0	static
stm32l0xx_hal_dac_ex.c:601:6:HAL_DAC_IRQHandler	8	static
stm32l0xx_hal_dac_ex.c:659:19:HAL_DAC_SetValue	16	static
