stm32l0xx_hal_adc.c:2178:13:ADC_DelayMicroSecond	16	static
stm32l0xx_hal_adc.c:2033:26:ADC_ConversionStop	16	static
stm32l0xx_hal_adc.c:1976:26:ADC_Disable	16	static
stm32l0xx_hal_adc.c:1918:26:ADC_Enable	16	static
stm32l0xx_hal_adc.c:708:13:HAL_ADC_MspInit	0	static
stm32l0xx_hal_adc.c:357:19:HAL_ADC_Init	16	static
stm32l0xx_hal_adc.c:723:13:HAL_ADC_MspDeInit	0	static
stm32l0xx_hal_adc.c:587:19:HAL_ADC_DeInit	16	static
stm32l0xx_hal_adc.c:765:19:HAL_ADC_Start	8	static
stm32l0xx_hal_adc.c:831:19:HAL_ADC_Stop	8	static
stm32l0xx_hal_adc.c:885:19:HAL_ADC_PollForConversion	24	static
stm32l0xx_hal_adc.c:1011:19:HAL_ADC_PollForEvent	24	static
stm32l0xx_hal_adc.c:1094:19:HAL_ADC_Start_IT	8	static
stm32l0xx_hal_adc.c:1175:19:HAL_ADC_Stop_IT	8	static
stm32l0xx_hal_adc.c:1225:19:HAL_ADC_Start_DMA	24	static
stm32l0xx_hal_adc.c:1315:19:HAL_ADC_Stop_DMA	16	static
stm32l0xx_hal_adc.c:1397:10:HAL_ADC_GetValue	0	static
stm32l0xx_hal_adc.c:1536:13:HAL_ADC_ConvCpltCallback	0	static
stm32l0xx_hal_adc.c:2084:13:ADC_DMAConvCplt	8	static
stm32l0xx_hal_adc.c:1551:13:HAL_ADC_ConvHalfCpltCallback	0	static
stm32l0xx_hal_adc.c:2144:13:ADC_DMAHalfConvCplt	8	static
stm32l0xx_hal_adc.c:1566:13:HAL_ADC_LevelOutOfWindowCallback	0	static
stm32l0xx_hal_adc.c:1588:13:HAL_ADC_ErrorCallback	0	static
stm32l0xx_hal_adc.c:2158:13:ADC_DMAError	8	static
stm32l0xx_hal_adc.c:1414:6:HAL_ADC_IRQHandler	8	static
stm32l0xx_hal_adc.c:1639:19:HAL_ADC_ConfigChannel	16	static
stm32l0xx_hal_adc.c:1754:19:HAL_ADC_AnalogWDGConfig	12	static
stm32l0xx_hal_adc.c:1871:10:HAL_ADC_GetState	0	static
stm32l0xx_hal_adc.c:1885:10:HAL_ADC_GetError	0	static
