Archive member included to satisfy reference by file (symbol)

c:/ac6/systemworkbench/plugins/fr.ac6.mcu.externaltools.arm-none.win32_1.13.2.201703061525/tools/compiler/bin/../lib/gcc/arm-none-eabi/5.4.1/armv6-m\libgcc.a(_udivsi3.o)
                              Drivers/STM32L0xx_HAL_Driver/Src/stm32l0xx_hal.o (__aeabi_uidiv)
c:/ac6/systemworkbench/plugins/fr.ac6.mcu.externaltools.arm-none.win32_1.13.2.201703061525/tools/compiler/bin/../lib/gcc/arm-none-eabi/5.4.1/armv6-m\libgcc.a(_divsi3.o)
                              Src/adc.o (__aeabi_idiv)
c:/ac6/systemworkbench/plugins/fr.ac6.mcu.externaltools.arm-none.win32_1.13.2.201703061525/tools/compiler/bin/../lib/gcc/arm-none-eabi/5.4.1/armv6-m\libgcc.a(_dvmd_tls.o)
                              c:/ac6/systemworkbench/plugins/fr.ac6.mcu.externaltools.arm-none.win32_1.13.2.201703061525/tools/compiler/bin/../lib/gcc/arm-none-eabi/5.4.1/armv6-m\libgcc.a(_udivsi3.o) (__aeabi_idiv0)
c:/ac6/systemworkbench/plugins/fr.ac6.mcu.externaltools.arm-none.win32_1.13.2.201703061525/tools/compiler/bin/../lib/gcc/arm-none-eabi/5.4.1/armv6-m\libgcc.a(_aeabi_uldivmod.o)
                              Drivers/STM32L0xx_HAL_Driver/Src/stm32l0xx_hal_uart.o (__aeabi_uldivmod)
c:/ac6/systemworkbench/plugins/fr.ac6.mcu.externaltools.arm-none.win32_1.13.2.201703061525/tools/compiler/bin/../lib/gcc/arm-none-eabi/5.4.1/armv6-m\libgcc.a(_udivmoddi4.o)
                              c:/ac6/systemworkbench/plugins/fr.ac6.mcu.externaltools.arm-none.win32_1.13.2.201703061525/tools/compiler/bin/../lib/gcc/arm-none-eabi/5.4.1/armv6-m\libgcc.a(_aeabi_uldivmod.o) (__udivmoddi4)
c:/ac6/systemworkbench/plugins/fr.ac6.mcu.externaltools.arm-none.win32_1.13.2.201703061525/tools/compiler/bin/../lib/gcc/arm-none-eabi/5.4.1/armv6-m\libgcc.a(divsf3.o)
                              Src/tim.o (__aeabi_fdiv)
c:/ac6/systemworkbench/plugins/fr.ac6.mcu.externaltools.arm-none.win32_1.13.2.201703061525/tools/compiler/bin/../lib/gcc/arm-none-eabi/5.4.1/armv6-m\libgcc.a(floatunsisf.o)
                              Src/tim.o (__aeabi_ui2f)
c:/ac6/systemworkbench/plugins/fr.ac6.mcu.externaltools.arm-none.win32_1.13.2.201703061525/tools/compiler/bin/../lib/gcc/arm-none-eabi/5.4.1/armv6-m\libgcc.a(muldf3.o)
                              Src/adc.o (__aeabi_dmul)
c:/ac6/systemworkbench/plugins/fr.ac6.mcu.externaltools.arm-none.win32_1.13.2.201703061525/tools/compiler/bin/../lib/gcc/arm-none-eabi/5.4.1/armv6-m\libgcc.a(floatsidf.o)
                              Src/adc.o (__aeabi_i2d)
c:/ac6/systemworkbench/plugins/fr.ac6.mcu.externaltools.arm-none.win32_1.13.2.201703061525/tools/compiler/bin/../lib/gcc/arm-none-eabi/5.4.1/armv6-m\libgcc.a(extendsfdf2.o)
                              Src/adc.o (__aeabi_f2d)
c:/ac6/systemworkbench/plugins/fr.ac6.mcu.externaltools.arm-none.win32_1.13.2.201703061525/tools/compiler/bin/../lib/gcc/arm-none-eabi/5.4.1/armv6-m\libgcc.a(truncdfsf2.o)
                              Src/adc.o (__aeabi_d2f)
c:/ac6/systemworkbench/plugins/fr.ac6.mcu.externaltools.arm-none.win32_1.13.2.201703061525/tools/compiler/bin/../lib/gcc/arm-none-eabi/5.4.1/armv6-m\libgcc.a(_clzsi2.o)
                              c:/ac6/systemworkbench/plugins/fr.ac6.mcu.externaltools.arm-none.win32_1.13.2.201703061525/tools/compiler/bin/../lib/gcc/arm-none-eabi/5.4.1/armv6-m\libgcc.a(divsf3.o) (__clzsi2)
c:/ac6/systemworkbench/plugins/fr.ac6.mcu.externaltools.arm-none.win32_1.13.2.201703061525/tools/compiler/bin/../lib/gcc/arm-none-eabi/5.4.1/armv6-m\libgcc.a(_clzdi2.o)
                              c:/ac6/systemworkbench/plugins/fr.ac6.mcu.externaltools.arm-none.win32_1.13.2.201703061525/tools/compiler/bin/../lib/gcc/arm-none-eabi/5.4.1/armv6-m\libgcc.a(_udivmoddi4.o) (__clzdi2)
c:/ac6/systemworkbench/plugins/fr.ac6.mcu.externaltools.arm-none.win32_1.13.2.201703061525/tools/compiler/bin/../lib/gcc/arm-none-eabi/5.4.1/../../../../arm-none-eabi/lib/armv6-m\libc_nano.a(lib_a-exit.o)
                              c:/ac6/systemworkbench/plugins/fr.ac6.mcu.externaltools.arm-none.win32_1.13.2.201703061525/tools/compiler/bin/../lib/gcc/arm-none-eabi/5.4.1/../../../../arm-none-eabi/lib/armv6-m/crt0.o (exit)
c:/ac6/systemworkbench/plugins/fr.ac6.mcu.externaltools.arm-none.win32_1.13.2.201703061525/tools/compiler/bin/../lib/gcc/arm-none-eabi/5.4.1/../../../../arm-none-eabi/lib/armv6-m\libc_nano.a(lib_a-impure.o)
                              c:/ac6/systemworkbench/plugins/fr.ac6.mcu.externaltools.arm-none.win32_1.13.2.201703061525/tools/compiler/bin/../lib/gcc/arm-none-eabi/5.4.1/../../../../arm-none-eabi/lib/armv6-m\libc_nano.a(lib_a-exit.o) (_global_impure_ptr)
c:/ac6/systemworkbench/plugins/fr.ac6.mcu.externaltools.arm-none.win32_1.13.2.201703061525/tools/compiler/bin/../lib/gcc/arm-none-eabi/5.4.1/../../../../arm-none-eabi/lib/armv6-m\libc_nano.a(lib_a-init.o)
[...]
Memory Configuration

Name             Origin             Length             Attributes
RAM              0x20000000         0x00005000         xrw
FLASH            0x08000000         0x00030000         xr
*default*        0x00000000         0xffffffff

Linker script and memory map

LOAD c:/ac6/systemworkbench/plugins/fr.ac6.mcu.externaltools.arm-none.win32_1.13.2.201703061525/tools/compiler/bin/../lib/gcc/arm-none-eabi/5.4.1/armv6-m/crti.o
LOAD c:/ac6/systemworkbench/plugins/fr.ac6.mcu.externaltools.arm-none.win32_1.13.2.201703061525/tools/compiler/bin/../lib/gcc/arm-none-eabi/5.4.1/armv6-m/crtbegin.o
LOAD c:/ac6/systemworkbench/plugins/fr.ac6.mcu.externaltools.arm-none.win32_1.13.2.201703061525/tools/compiler/bin/../lib/gcc/arm-none-eabi/5.4.1/../../../../arm-none-eabi/lib/armv6-m/crt0.o
LOAD c:/ac6/systemworkbench/plugins/fr.ac6.mcu.externaltools.arm-none.win32_1.13.2.201703061525/tools/compiler/bin/../lib/gcc/arm-none-eabi/5.4.1/../../../../arm-none-eabi/lib/armv6-m\libm.a
LOAD Drivers/STM32L0xx_HAL_Driver/Src/stm32l0xx_hal.o
LOAD Drivers/STM32L0xx_HAL_Driver/Src/stm32l0xx_hal_adc.o
LOAD Drivers/STM32L0xx_HAL_Driver/Src/stm32l0xx_hal_adc_ex.o
LOAD Drivers/STM32L0xx_HAL_Driver/Src/stm32l0xx_hal_cortex.o
LOAD Drivers/STM32L0xx_HAL_Driver/Src/stm32l0xx_hal_dac.o
LOAD Drivers/STM32L0xx_HAL_Driver/Src/stm32l0xx_hal_dac_ex.o
LOAD Drivers/STM32L0xx_HAL_Driver/Src/stm32l0xx_hal_dma.o
LOAD Drivers/STM32L0xx_HAL_Driver/Src/stm32l0xx_hal_flash.o
LOAD Drivers/STM32L0xx_HAL_Driver/Src/stm32l0xx_hal_flash_ex.o
LOAD Drivers/STM32L0xx_HAL_Driver/Src/stm32l0xx_hal_flash_ramfunc.o
LOAD Drivers/STM32L0xx_HAL_Driver/Src/stm32l0xx_hal_gpio.o
LOAD Drivers/STM32L0xx_HAL_Driver/Src/stm32l0xx_hal_i2c.o
LOAD Drivers/STM32L0xx_HAL_Driver/Src/stm32l0xx_hal_i2c_ex.o
LOAD Drivers/STM32L0xx_HAL_Driver/Src/stm32l0xx_hal_pwr.o
LOAD Drivers/STM32L0xx_HAL_Driver/Src/stm32l0xx_hal_pwr_ex.o
LOAD Drivers/STM32L0xx_HAL_Driver/Src/stm32l0xx_hal_rcc.o
LOAD Drivers/STM32L0xx_HAL_Driver/Src/stm32l0xx_hal_rcc_ex.o
LOAD Drivers/STM32L0xx_HAL_Driver/Src/stm32l0xx_hal_rtc.o
LOAD Drivers/STM32L0xx_HAL_Driver/Src/stm32l0xx_hal_rtc_ex.o
LOAD Drivers/STM32L0xx_HAL_Driver/Src/stm32l0xx_hal_spi.o
LOAD Drivers/STM32L0xx_HAL_Driver/Src/stm32l0xx_hal_tim.o
LOAD Drivers/STM32L0xx_HAL_Driver/Src/stm32l0xx_hal_tim_ex.o
LOAD Drivers/STM32L0xx_HAL_Driver/Src/stm32l0xx_hal_uart.o
LOAD Drivers/STM32L0xx_HAL_Driver/Src/stm32l0xx_hal_uart_ex.o
LOAD Src/adc.o
LOAD Src/callback.o
LOAD Src/gpio.o
LOAD Src/main.o
LOAD Src/print_menu.o
LOAD Src/rtc.o
LOAD Src/spi.o
LOAD Src/stm32l0xx_hal_msp.o
LOAD Src/stm32l0xx_it.o
LOAD Src/system_stm32l0xx.o
LOAD Src/tim.o
LOAD Src/uart.o
LOAD startup/startup_stm32l073xx.o
START GROUP
LOAD c:/ac6/systemworkbench/plugins/fr.ac6.mcu.externaltools.arm-none.win32_1.13.2.201703061525/tools/compiler/bin/../lib/gcc/arm-none-eabi/5.4.1/armv6-m\libgcc.a
LOAD c:/ac6/systemworkbench/plugins/fr.ac6.mcu.externaltools.arm-none.win32_1.13.2.201703061525/tools/compiler/bin/../lib/gcc/arm-none-eabi/5.4.1/../../../../arm-none-eabi/lib/armv6-m\libc_nano.a
END GROUP
START GROUP
LOAD c:/ac6/systemworkbench/plugins/fr.ac6.mcu.externaltools.arm-none.win32_1.13.2.201703061525/tools/compiler/bin/../lib/gcc/arm-none-eabi/5.4.1/armv6-m\libgcc.a
LOAD c:/ac6/systemworkbench/plugins/fr.ac6.mcu.externaltools.arm-none.win32_1.13.2.201703061525/tools/compiler/bin/../lib/gcc/arm-none-eabi/5.4.1/../../../../arm-none-eabi/lib/armv6-m\libc_nano.a
LOAD c:/ac6/systemworkbench/plugins/fr.ac6.mcu.externaltools.arm-none.win32_1.13.2.201703061525/tools/compiler/bin/../lib/gcc/arm-none-eabi/5.4.1/../../../../arm-none-eabi/lib/armv6-m\libnosys.a
END GROUP
START GROUP
LOAD c:/ac6/systemworkbench/plugins/fr.ac6.mcu.externaltools.arm-none.win32_1.13.2.201703061525/tools/compiler/bin/../lib/gcc/arm-none-eabi/5.4.1/armv6-m\libgcc.a
LOAD c:/ac6/systemworkbench/plugins/fr.ac6.mcu.externaltools.arm-none.win32_1.13.2.201703061525/tools/compiler/bin/../lib/gcc/arm-none-eabi/5.4.1/../../../../arm-none-eabi/lib/armv6-m\libc_nano.a
LOAD c:/ac6/systemworkbench/plugins/fr.ac6.mcu.externaltools.arm-none.win32_1.13.2.201703061525/tools/compiler/bin/../lib/gcc/arm-none-eabi/5.4.1/../../../../arm-none-eabi/lib/armv6-m\libnosys.a
END GROUP
LOAD c:/ac6/systemworkbench/plugins/fr.ac6.mcu.externaltools.arm-none.win32_1.13.2.201703061525/tools/compiler/bin/../lib/gcc/arm-none-eabi/5.4.1/armv6-m/crtend.o
LOAD c:/ac6/systemworkbench/plugins/fr.ac6.mcu.externaltools.arm-none.win32_1.13.2.201703061525/tools/compiler/bin/../lib/gcc/arm-none-eabi/5.4.1/armv6-m/crtn.o
                0x20005000                _estack = 0x20005000
                0x00000200                _Min_Heap_Size = 0x200
                0x00000400                _Min_Stack_Size = 0x400

.isr_vector     0x08000000       0xc0
                0x08000000                . = ALIGN (0x4)
 *(.isr_vector)
 .isr_vector    0x08000000       0xc0 startup/startup_stm32l073xx.o
                0x08000000                g_pfnVectors
                0x080000c0                . = ALIGN (0x4)

.text           0x080000c0     0xa6e8
                0x080000c0                . = ALIGN (0x4)
 *(.text)
 .text          0x080000c0       0x60 c:/ac6/systemworkbench/plugins/fr.ac6.mcu.externaltools.arm-none.win32_1.13.2.201703061525/tools/compiler/bin/../lib/gcc/arm-none-eabi/5.4.1/armv6-m/crtbegin.o
 .text          0x08000120      0x114 c:/ac6/systemworkbench/plugins/fr.ac6.mcu.externaltools.arm-none.win32_1.13.2.201703061525/tools/compiler/bin/../lib/gcc/arm-none-eabi/5.4.1/armv6-m\libgcc.a(_udivsi3.o)
                0x08000120                __aeabi_uidiv
                0x08000120                __udivsi3
                0x0800022c                __aeabi_uidivmod
 .text          0x08000234      0x1d4 c:/ac6/systemworkbench/plugins/fr.ac6.mcu.externaltools.arm-none.win32_1.13.2.201703061525/tools/compiler/bin/../lib/gcc/arm-none-eabi/5.4.1/armv6-m\libgcc.a(_divsi3.o)
                0x08000234                __divsi3
                0x08000234                __aeabi_idiv
                0x08000400                __aeabi_idivmod
 .text          0x08000408        0x4 c:/ac6/systemworkbench/plugins/fr.ac6.mcu.externaltools.arm-none.win32_1.13.2.201703061525/tools/compiler/bin/../lib/gcc/arm-none-eabi/5.4.1/armv6-m\libgcc.a(_dvmd_tls.o)
                0x08000408                __aeabi_idiv0
                0x08000408                __aeabi_ldiv0
 .text          0x0800040c       0x40 c:/ac6/systemworkbench/plugins/fr.ac6.mcu.externaltools.arm-none.win32_1.13.2.201703061525/tools/compiler/bin/../lib/gcc/arm-none-eabi/5.4.1/armv6-m\libgcc.a(_aeabi_uldivmod.o)
                0x0800040c                __aeabi_uldivmod
 .text          0x0800044c      0x180 c:/ac6/systemworkbench/plugins/fr.ac6.mcu.externaltools.arm-none.win32_1.13.2.201703061525/tools/compiler/bin/../lib/gcc/arm-none-eabi/5.4.1/armv6-m\libgcc.a(_udivmoddi4.o)
                0x0800044c                __udivmoddi4
 .text          0x080005cc      0x234 c:/ac6/systemworkbench/plugins/fr.ac6.mcu.externaltools.arm-none.win32_1.13.2.201703061525/tools/compiler/bin/../lib/gcc/arm-none-eabi/5.4.1/armv6-m\libgcc.a(divsf3.o)
                0x080005cc                __aeabi_fdiv
 .text          0x08000800       0x7c c:/ac6/systemworkbench/plugins/fr.ac6.mcu.externaltools.arm-none.win32_1.13.2.201703061525/tools/compiler/bin/../lib/gcc/arm-none-eabi/5.4.1/armv6-m\libgcc.a(floatunsisf.o)
                0x08000800                __aeabi_ui2f
 .text          0x0800087c      0x4f4 c:/ac6/systemworkbench/plugins/fr.ac6.mcu.externaltools.arm-none.win32_1.13.2.201703061525/tools/compiler/bin/../lib/gcc/arm-none-eabi/5.4.1/armv6-m\libgcc.a(muldf3.o)
                0x0800087c                __aeabi_dmul
 .text          0x08000d70       0x84 c:/ac6/systemworkbench/plugins/fr.ac6.mcu.externaltools.arm-none.win32_1.13.2.201703061525/tools/compiler/bin/../lib/gcc/arm-none-eabi/5.4.1/armv6-m\libgcc.a(floatsidf.o)
                0x08000d70                __aeabi_i2d
 .text          0x08000df4       0xa8 c:/ac6/systemworkbench/plugins/fr.ac6.mcu.externaltools.arm-none.win32_1.13.2.201703061525/tools/compiler/bin/../lib/gcc/arm-none-eabi/5.4.1/armv6-m\libgcc.a(extendsfdf2.o)
                0x08000df4                __aeabi_f2d
 .text          0x08000e9c      0x118 c:/ac6/systemworkbench/plugins/fr.ac6.mcu.externaltools.arm-none.win32_1.13.2.201703061525/tools/compiler/bin/../lib/gcc/arm-none-eabi/5.4.1/armv6-m\libgcc.a(truncdfsf2.o)
                0x08000e9c                __aeabi_d2f
 .text          0x08000fb4       0x3c c:/ac6/systemworkbench/plugins/fr.ac6.mcu.externaltools.arm-none.win32_1.13.2.201703061525/tools/compiler/bin/../lib/gcc/arm-none-eabi/5.4.1/armv6-m\libgcc.a(_clzsi2.o)
                0x08000fb4                __clzsi2
 .text          0x08000ff0       0x18 c:/ac6/systemworkbench/plugins/fr.ac6.mcu.externaltools.arm-none.win32_1.13.2.201703061525/tools/compiler/bin/../lib/gcc/arm-none-eabi/5.4.1/armv6-m\libgcc.a(_clzdi2.o)
                0x08000ff0                __clzdi2
 .text          0x08001008        0xe c:/ac6/systemworkbench/plugins/fr.ac6.mcu.externaltools.arm-none.win32_1.13.2.201703061525/tools/compiler/bin/../lib/gcc/arm-none-eabi/5.4.1/../../../../arm-none-eabi/lib/armv6-m\libc_nano.a(lib_a-strlen.o)
                0x08001008                strlen
 *fill*         0x08001016        0x2 
 .text          0x08001018       0x14 c:/ac6/systemworkbench/plugins/fr.ac6.mcu.externaltools.arm-none.win32_1.13.2.201703061525/tools/compiler/bin/../lib/gcc/arm-none-eabi/5.4.1/armv6-m\libgcc.a(_thumb1_case_uqi.o)
                0x08001018                __gnu_thumb1_case_uqi
 .text          0x0800102c       0x7c c:/ac6/systemworkbench/plugins/fr.ac6.mcu.externaltools.arm-none.win32_1.13.2.201703061525/tools/compiler/bin/../lib/gcc/arm-none-eabi/5.4.1/armv6-m\libgcc.a(_arm_cmpdf2.o)
                0x0800102c                __aeabi_cdrcmple
                0x0800103c                __aeabi_cdcmple
                0x0800103c                __aeabi_cdcmpeq
                0x0800104c                __aeabi_dcmpeq
                0x08001058                __aeabi_dcmplt
                0x0800106c                __aeabi_dcmple
                0x08001080                __aeabi_dcmpgt
                0x08001094                __aeabi_dcmpge
 .text          0x080010a8      0x658 c:/ac6/systemworkbench/plugins/fr.ac6.mcu.externaltools.arm-none.win32_1.13.2.201703061525/tools/compiler/bin/../lib/gcc/arm-none-eabi/5.4.1/armv6-m\libgcc.a(adddf3.o)
                0x080010a8                __aeabi_dadd
 .text          0x08001700      0x62c c:/ac6/systemworkbench/plugins/fr.ac6.mcu.externaltools.arm-none.win32_1.13.2.201703061525/tools/compiler/bin/../lib/gcc/arm-none-eabi/5.4.1/armv6-m\libgcc.a(divdf3.o)
                0x08001700                __aeabi_ddiv
 .text          0x08001d2c       0x80 c:/ac6/systemworkbench/plugins/fr.ac6.mcu.externaltools.arm-none.win32_1.13.2.201703061525/tools/compiler/bin/../lib/gcc/arm-none-eabi/5.4.1/armv6-m\libgcc.a(eqdf2.o)
                0x08001d2c                __nedf2
                0x08001d2c                __eqdf2
 .text          0x08001dac       0xc8 c:/ac6/systemworkbench/plugins/fr.ac6.mcu.externaltools.arm-none.win32_1.13.2.201703061525/tools/compiler/bin/../lib/gcc/arm-none-eabi/5.4.1/armv6-m\libgcc.a(gedf2.o)
                0x08001dac                __gedf2
                0x08001dac                __gtdf2
 .text          0x08001e74       0xd4 c:/ac6/systemworkbench/plugins/fr.ac6.mcu.externaltools.arm-none.win32_1.13.2.201703061525/tools/compiler/bin/../lib/gcc/arm-none-eabi/5.4.1/armv6-m\libgcc.a(ledf2.o)
                0x08001e74                __ledf2
                0x08001e74                __ltdf2
 .text          0x08001f48      0x6a8 c:/ac6/systemworkbench/plugins/fr.ac6.mcu.externaltools.arm-none.win32_1.13.2.201703061525/tools/compiler/bin/../lib/gcc/arm-none-eabi/5.4.1/armv6-m\libgcc.a(subdf3.o)
                0x08001f48                __aeabi_dsub
 .text          0x080025f0       0x40 c:/ac6/systemworkbench/plugins/fr.ac6.mcu.externaltools.arm-none.win32_1.13.2.201703061525/tools/compiler/bin/../lib/gcc/arm-none-eabi/5.4.1/armv6-m\libgcc.a(unorddf2.o)
                0x080025f0                __aeabi_dcmpun
 .text          0x08002630       0x6c c:/ac6/systemworkbench/plugins/fr.ac6.mcu.externaltools.arm-none.win32_1.13.2.201703061525/tools/compiler/bin/../lib/gcc/arm-none-eabi/5.4.1/armv6-m\libgcc.a(fixdfsi.o)
                0x08002630                __aeabi_d2iz
 .text          0x0800269c       0x70 c:/ac6/systemworkbench/plugins/fr.ac6.mcu.externaltools.arm-none.win32_1.13.2.201703061525/tools/compiler/bin/../lib/gcc/arm-none-eabi/5.4.1/armv6-m\libgcc.a(floatunsidf.o)
                0x0800269c                __aeabi_ui2d
 *(.text*)
 .text.HAL_InitTick
                0x0800270c       0x28 Drivers/STM32L0xx_HAL_Driver/Src/stm32l0xx_hal.o
                0x0800270c                HAL_InitTick
 .text.HAL_Init
                0x08002734       0x20 Drivers/STM32L0xx_HAL_Driver/Src/stm32l0xx_hal.o
                0x08002734                HAL_Init
 .text.HAL_IncTick
                0x08002754       0x10 Drivers/STM32L0xx_HAL_Driver/Src/stm32l0xx_hal.o
                0x08002754                HAL_IncTick
 .text.HAL_GetTick
                0x08002764        0xc Drivers/STM32L0xx_HAL_Driver/Src/stm32l0xx_hal.o
                0x08002764                HAL_GetTick
 .text.HAL_Delay
                0x08002770       0x1c Drivers/STM32L0xx_HAL_Driver/Src/stm32l0xx_hal.o
                0x08002770                HAL_Delay
 .text.ADC_DelayMicroSecond
                0x0800278c       0x30 Drivers/STM32L0xx_HAL_Driver/Src/stm32l0xx_hal_adc.o
 .text.ADC_ConversionStop
                0x080027bc       0x58 Drivers/STM32L0xx_HAL_Driver/Src/stm32l0xx_hal_adc.o
 .text.ADC_Disable
                0x08002814       0x88 Drivers/STM32L0xx_HAL_Driver/Src/stm32l0xx_hal_adc.o
 .text.ADC_Enable
                0x0800289c       0x88 Drivers/STM32L0xx_HAL_Driver/Src/stm32l0xx_hal_adc.o
 .text.HAL_ADC_Init
                0x08002924      0x1e4 Drivers/STM32L0xx_HAL_Driver/Src/stm32l0xx_hal_adc.o
                0x08002924                HAL_ADC_Init
 .text.HAL_ADC_Start
                0x08002b08       0x60 Drivers/STM32L0xx_HAL_Driver/Src/stm32l0xx_hal_adc.o
                0x08002b08                HAL_ADC_Start
 .text.HAL_ADC_Stop
                0x08002b68       0x40 Drivers/STM32L0xx_HAL_Driver/Src/stm32l0xx_hal_adc.o
                0x08002b68                HAL_ADC_Stop
 .text.HAL_ADC_PollForConversion
                0x08002ba8       0xc8 Drivers/STM32L0xx_HAL_Driver/Src/stm32l0xx_hal_adc.o
                0x08002ba8                HAL_ADC_PollForConversion
 .text.HAL_ADC_GetValue
                0x08002c70        0x8 Drivers/STM32L0xx_HAL_Driver/Src/stm32l0xx_hal_adc.o
                0x08002c70                HAL_ADC_GetValue
 .text.HAL_ADC_ConfigChannel
                0x08002c78       0xe0 Drivers/STM32L0xx_HAL_Driver/Src/stm32l0xx_hal_adc.o
                0x08002c78                HAL_ADC_ConfigChannel
 .text.HAL_ADCEx_Calibration_Start
                0x08002d58       0xb8 Drivers/STM32L0xx_HAL_Driver/Src/stm32l0xx_hal_adc_ex.o
                0x08002d58                HAL_ADCEx_Calibration_Start
 .text.HAL_ADCEx_Calibration_GetValue
                0x08002e10        0xc Drivers/STM32L0xx_HAL_Driver/Src/stm32l0xx_hal_adc_ex.o
                0x08002e10                HAL_ADCEx_Calibration_GetValue
 .text.HAL_NVIC_SetPriority
                0x08002e1c       0x64 Drivers/STM32L0xx_HAL_Driver/Src/stm32l0xx_hal_cortex.o
                0x08002e1c                HAL_NVIC_SetPriority
 .text.HAL_NVIC_EnableIRQ
                0x08002e80       0x14 Drivers/STM32L0xx_HAL_Driver/Src/stm32l0xx_hal_cortex.o
                0x08002e80                HAL_NVIC_EnableIRQ
 .text.HAL_NVIC_DisableIRQ
                0x08002e94       0x14 Drivers/STM32L0xx_HAL_Driver/Src/stm32l0xx_hal_cortex.o
                0x08002e94                HAL_NVIC_DisableIRQ
 .text.HAL_SYSTICK_Config
                0x08002ea8       0x38 Drivers/STM32L0xx_HAL_Driver/Src/stm32l0xx_hal_cortex.o
                0x08002ea8                HAL_SYSTICK_Config
 .text.HAL_SYSTICK_CLKSourceConfig
                0x08002ee0       0x20 Drivers/STM32L0xx_HAL_Driver/Src/stm32l0xx_hal_cortex.o
                0x08002ee0                HAL_SYSTICK_CLKSourceConfig
 .text.HAL_SYSTICK_Callback
                0x08002f00        0x4 Drivers/STM32L0xx_HAL_Driver/Src/stm32l0xx_hal_cortex.o
                0x08002f00                HAL_SYSTICK_Callback
 .text.HAL_SYSTICK_IRQHandler
                0x08002f04        0x8 Drivers/STM32L0xx_HAL_Driver/Src/stm32l0xx_hal_cortex.o
                0x08002f04                HAL_SYSTICK_IRQHandler
 .text.HAL_DAC_Init
                0x08002f0c       0x28 Drivers/STM32L0xx_HAL_Driver/Src/stm32l0xx_hal_dac.o
                0x08002f0c                HAL_DAC_Init
 .text.HAL_DAC_DMAUnderrunCallbackCh1
                0x08002f34        0x4 Drivers/STM32L0xx_HAL_Driver/Src/stm32l0xx_hal_dac.o
                0x08002f34                HAL_DAC_DMAUnderrunCallbackCh1
 .text.HAL_DAC_ConfigChannel
                0x08002f38       0x48 Drivers/STM32L0xx_HAL_Driver/Src/stm32l0xx_hal_dac.o
                0x08002f38                HAL_DAC_ConfigChannel
 .text.HAL_DACEx_DMAUnderrunCallbackCh2
                0x08002f80        0x4 Drivers/STM32L0xx_HAL_Driver/Src/stm32l0xx_hal_dac_ex.o
                0x08002f80                HAL_DACEx_DMAUnderrunCallbackCh2
 .text.HAL_DAC_Start
                0x08002f84       0x70 Drivers/STM32L0xx_HAL_Driver/Src/stm32l0xx_hal_dac_ex.o
                0x08002f84                HAL_DAC_Start
 .text.HAL_DAC_IRQHandler
                0x08002ff4       0x60 Drivers/STM32L0xx_HAL_Driver/Src/stm32l0xx_hal_dac_ex.o
                0x08002ff4                HAL_DAC_IRQHandler
 .text.HAL_DAC_SetValue
                0x08003054       0x2c Drivers/STM32L0xx_HAL_Driver/Src/stm32l0xx_hal_dac_ex.o
                0x08003054                HAL_DAC_SetValue
 .text.DMA_SetConfig
                0x08003080       0x20 Drivers/STM32L0xx_HAL_Driver/Src/stm32l0xx_hal_dma.o
 .text.HAL_DMA_Init
                0x080030a0      0x14c Drivers/STM32L0xx_HAL_Driver/Src/stm32l0xx_hal_dma.o
                0x080030a0                HAL_DMA_Init
 .text.HAL_DMA_DeInit
                0x080031ec      0x234 Drivers/STM32L0xx_HAL_Driver/Src/stm32l0xx_hal_dma.o
                0x080031ec                HAL_DMA_DeInit
 .text.HAL_DMA_Start_IT
                0x08003420       0x54 Drivers/STM32L0xx_HAL_Driver/Src/stm32l0xx_hal_dma.o
                0x08003420                HAL_DMA_Start_IT
 .text.HAL_DMA_Abort_IT
                0x08003474       0xac Drivers/STM32L0xx_HAL_Driver/Src/stm32l0xx_hal_dma.o
                0x08003474                HAL_DMA_Abort_IT
 .text.HAL_DMA_IRQHandler
                0x08003520      0x280 Drivers/STM32L0xx_HAL_Driver/Src/stm32l0xx_hal_dma.o
                0x08003520                HAL_DMA_IRQHandler
 .text.HAL_GPIO_Init
                0x080037a0      0x1a4 Drivers/STM32L0xx_HAL_Driver/Src/stm32l0xx_hal_gpio.o
                0x080037a0                HAL_GPIO_Init
 .text.HAL_GPIO_DeInit
                0x08003944      0x11c Drivers/STM32L0xx_HAL_Driver/Src/stm32l0xx_hal_gpio.o
                0x08003944                HAL_GPIO_DeInit
 .text.HAL_GPIO_ReadPin
                0x08003a60       0x10 Drivers/STM32L0xx_HAL_Driver/Src/stm32l0xx_hal_gpio.o
                0x08003a60                HAL_GPIO_ReadPin
 .text.HAL_GPIO_WritePin
                0x08003a70        0xc Drivers/STM32L0xx_HAL_Driver/Src/stm32l0xx_hal_gpio.o
                0x08003a70                HAL_GPIO_WritePin
 .text.HAL_GPIO_TogglePin
                0x08003a7c        0x8 Drivers/STM32L0xx_HAL_Driver/Src/stm32l0xx_hal_gpio.o
                0x08003a7c                HAL_GPIO_TogglePin
 .text.HAL_GPIO_EXTI_IRQHandler
                0x08003a84       0x18 Drivers/STM32L0xx_HAL_Driver/Src/stm32l0xx_hal_gpio.o
                0x08003a84                HAL_GPIO_EXTI_IRQHandler
 .text.HAL_I2C_Init
                0x08003a9c       0xc8 Drivers/STM32L0xx_HAL_Driver/Src/stm32l0xx_hal_i2c.o
                0x08003a9c                HAL_I2C_Init
 .text.HAL_I2CEx_ConfigAnalogFilter
                0x08003b64       0x58 Drivers/STM32L0xx_HAL_Driver/Src/stm32l0xx_hal_i2c_ex.o
                0x08003b64                HAL_I2CEx_ConfigAnalogFilter
 .text.HAL_I2CEx_ConfigDigitalFilter
                0x08003bbc       0x54 Drivers/STM32L0xx_HAL_Driver/Src/stm32l0xx_hal_i2c_ex.o
                0x08003bbc                HAL_I2CEx_ConfigDigitalFilter
 .text.RCC_SetFlashLatencyFromMSIRange
                0x08003c10       0x88 Drivers/STM32L0xx_HAL_Driver/Src/stm32l0xx_hal_rcc.o
 .text.HAL_RCC_OscConfig
                0x08003c98      0x5b8 Drivers/STM32L0xx_HAL_Driver/Src/stm32l0xx_hal_rcc.o
                0x08003c98                HAL_RCC_OscConfig
 .text.HAL_RCC_GetSysClockFreq
                0x08004250       0x94 Drivers/STM32L0xx_HAL_Driver/Src/stm32l0xx_hal_rcc.o
                0x08004250                HAL_RCC_GetSysClockFreq
 .text.HAL_RCC_ClockConfig
                0x080042e4      0x1b4 Drivers/STM32L0xx_HAL_Driver/Src/stm32l0xx_hal_rcc.o
                0x080042e4                HAL_RCC_ClockConfig
 .text.HAL_RCC_GetHCLKFreq
                0x08004498        0xc Drivers/STM32L0xx_HAL_Driver/Src/stm32l0xx_hal_rcc.o
                0x08004498                HAL_RCC_GetHCLKFreq
 .text.HAL_RCC_GetPCLK1Freq
                0x080044a4       0x20 Drivers/STM32L0xx_HAL_Driver/Src/stm32l0xx_hal_rcc.o
                0x080044a4                HAL_RCC_GetPCLK1Freq
 .text.HAL_RCC_GetPCLK2Freq
                0x080044c4       0x20 Drivers/STM32L0xx_HAL_Driver/Src/stm32l0xx_hal_rcc.o
                0x080044c4                HAL_RCC_GetPCLK2Freq
 .text.HAL_RCCEx_PeriphCLKConfig
                0x080044e4      0x200 Drivers/STM32L0xx_HAL_Driver/Src/stm32l0xx_hal_rcc_ex.o
                0x080044e4                HAL_RCCEx_PeriphCLKConfig
 .text.HAL_RCCEx_GetPeriphCLKFreq
                0x080046e4      0x2c4 Drivers/STM32L0xx_HAL_Driver/Src/stm32l0xx_hal_rcc_ex.o
                0x080046e4                HAL_RCCEx_GetPeriphCLKFreq
 .text.HAL_RTC_AlarmIRQHandler
                0x080049a8       0x64 Drivers/STM32L0xx_HAL_Driver/Src/stm32l0xx_hal_rtc.o
                0x080049a8                HAL_RTC_AlarmIRQHandler
 .text.HAL_RTC_WaitForSynchro
                0x08004a0c       0x34 Drivers/STM32L0xx_HAL_Driver/Src/stm32l0xx_hal_rtc.o
                0x08004a0c                HAL_RTC_WaitForSynchro
 .text.RTC_EnterInitMode
                0x08004a40       0x3c Drivers/STM32L0xx_HAL_Driver/Src/stm32l0xx_hal_rtc.o
                0x08004a40                RTC_EnterInitMode
 .text.HAL_RTC_Init
                0x08004a7c       0xac Drivers/STM32L0xx_HAL_Driver/Src/stm32l0xx_hal_rtc.o
                0x08004a7c                HAL_RTC_Init
 .text.RTC_ByteToBcd2
                0x08004b28       0x18 Drivers/STM32L0xx_HAL_Driver/Src/stm32l0xx_hal_rtc.o
                0x08004b28                RTC_ByteToBcd2
 .text.HAL_RTC_SetTime
                0x08004b40      0x10c Drivers/STM32L0xx_HAL_Driver/Src/stm32l0xx_hal_rtc.o
                0x08004b40                HAL_RTC_SetTime
 .text.HAL_RTC_SetDate
                0x08004c4c       0xec Drivers/STM32L0xx_HAL_Driver/Src/stm32l0xx_hal_rtc.o
                0x08004c4c                HAL_RTC_SetDate
 .text.HAL_RTC_SetAlarm_IT
                0x08004d38      0x1c4 Drivers/STM32L0xx_HAL_Driver/Src/stm32l0xx_hal_rtc.o
                0x08004d38                HAL_RTC_SetAlarm_IT
 .text.RTC_Bcd2ToByte
                0x08004efc       0x14 Drivers/STM32L0xx_HAL_Driver/Src/stm32l0xx_hal_rtc.o
                0x08004efc                RTC_Bcd2ToByte
 .text.HAL_RTC_GetTime
                0x08004f10       0x58 Drivers/STM32L0xx_HAL_Driver/Src/stm32l0xx_hal_rtc.o
                0x08004f10                HAL_RTC_GetTime
 .text.HAL_RTC_GetDate
                0x08004f68       0x48 Drivers/STM32L0xx_HAL_Driver/Src/stm32l0xx_hal_rtc.o
                0x08004f68                HAL_RTC_GetDate
 .text.HAL_RTCEx_BKUPWrite
                0x08004fb0        0xc Drivers/STM32L0xx_HAL_Driver/Src/stm32l0xx_hal_rtc_ex.o
                0x08004fb0                HAL_RTCEx_BKUPWrite
 .text.HAL_RTCEx_BKUPRead
                0x08004fbc        0xc Drivers/STM32L0xx_HAL_Driver/Src/stm32l0xx_hal_rtc_ex.o
                0x08004fbc                HAL_RTCEx_BKUPRead
 .text.HAL_RTCEx_AlarmBEventCallback
                0x08004fc8        0x4 Drivers/STM32L0xx_HAL_Driver/Src/stm32l0xx_hal_rtc_ex.o
                0x08004fc8                HAL_RTCEx_AlarmBEventCallback
 .text.SPI_WaitOnFlagUntilTimeout
                0x08004fcc       0xf0 Drivers/STM32L0xx_HAL_Driver/Src/stm32l0xx_hal_spi.o
 .text.HAL_SPI_Init
                0x080050bc       0x88 Drivers/STM32L0xx_HAL_Driver/Src/stm32l0xx_hal_spi.o
                0x080050bc                HAL_SPI_Init
 .text.HAL_SPI_TransmitReceive_DMA
                0x08005144      0x138 Drivers/STM32L0xx_HAL_Driver/Src/stm32l0xx_hal_spi.o
                0x08005144                HAL_SPI_TransmitReceive_DMA
 .text.HAL_SPI_RxCpltCallback
                0x0800527c        0x4 Drivers/STM32L0xx_HAL_Driver/Src/stm32l0xx_hal_spi.o
                0x0800527c                HAL_SPI_RxCpltCallback
 .text.HAL_SPI_RxHalfCpltCallback
                0x08005280        0x4 Drivers/STM32L0xx_HAL_Driver/Src/stm32l0xx_hal_spi.o
                0x08005280                HAL_SPI_RxHalfCpltCallback
 .text.SPI_DMAHalfReceiveCplt
                0x08005284        0xc Drivers/STM32L0xx_HAL_Driver/Src/stm32l0xx_hal_spi.o
 .text.HAL_SPI_TxRxHalfCpltCallback
                0x08005290        0x4 Drivers/STM32L0xx_HAL_Driver/Src/stm32l0xx_hal_spi.o
                0x08005290                HAL_SPI_TxRxHalfCpltCallback
 .text.SPI_DMAHalfTransmitReceiveCplt
                0x08005294        0xc Drivers/STM32L0xx_HAL_Driver/Src/stm32l0xx_hal_spi.o
 .text.HAL_SPI_ErrorCallback
                0x080052a0        0x4 Drivers/STM32L0xx_HAL_Driver/Src/stm32l0xx_hal_spi.o
                0x080052a0                HAL_SPI_ErrorCallback
 .text.SPI_DMAError
                0x080052a4       0x20 Drivers/STM32L0xx_HAL_Driver/Src/stm32l0xx_hal_spi.o
 .text.SPI_DMAReceiveCplt
                0x080052c4       0xd4 Drivers/STM32L0xx_HAL_Driver/Src/stm32l0xx_hal_spi.o
 .text.SPI_DMATransmitReceiveCplt
                0x08005398       0xd4 Drivers/STM32L0xx_HAL_Driver/Src/stm32l0xx_hal_spi.o
 .text.TIM_Base_SetConfig
                0x0800546c       0x94 Drivers/STM32L0xx_HAL_Driver/Src/stm32l0xx_hal_tim.o
 .text.TIM_TI1_SetConfig
                0x08005500       0x78 Drivers/STM32L0xx_HAL_Driver/Src/stm32l0xx_hal_tim.o
 .text.TIM_TI1_ConfigInputStage
                0x08005578       0x24 Drivers/STM32L0xx_HAL_Driver/Src/stm32l0xx_hal_tim.o
 .text.TIM_TI2_SetConfig
                0x0800559c       0x3c Drivers/STM32L0xx_HAL_Driver/Src/stm32l0xx_hal_tim.o
 .text.TIM_TI2_ConfigInputStage
                0x080055d8       0x28 Drivers/STM32L0xx_HAL_Driver/Src/stm32l0xx_hal_tim.o
 .text.TIM_TI3_SetConfig
                0x08005600       0x40 Drivers/STM32L0xx_HAL_Driver/Src/stm32l0xx_hal_tim.o
 .text.TIM_TI4_SetConfig
                0x08005640       0x44 Drivers/STM32L0xx_HAL_Driver/Src/stm32l0xx_hal_tim.o
 .text.TIM_ITRx_SetConfig
                0x08005684       0x14 Drivers/STM32L0xx_HAL_Driver/Src/stm32l0xx_hal_tim.o
 .text.TIM_ETR_SetConfig
                0x08005698       0x18 Drivers/STM32L0xx_HAL_Driver/Src/stm32l0xx_hal_tim.o
 .text.TIM_CCxChannelCmd
                0x080056b0       0x18 Drivers/STM32L0xx_HAL_Driver/Src/stm32l0xx_hal_tim.o
 .text.HAL_TIM_Base_Init
                0x080056c8       0x34 Drivers/STM32L0xx_HAL_Driver/Src/stm32l0xx_hal_tim.o
                0x080056c8                HAL_TIM_Base_Init
 .text.HAL_TIM_Base_Start
                0x080056fc       0x18 Drivers/STM32L0xx_HAL_Driver/Src/stm32l0xx_hal_tim.o
                0x080056fc                HAL_TIM_Base_Start
 .text.HAL_TIM_Base_Start_IT
                0x08005714       0x18 Drivers/STM32L0xx_HAL_Driver/Src/stm32l0xx_hal_tim.o
                0x08005714                HAL_TIM_Base_Start_IT
 .text.HAL_TIM_Base_Stop_IT
                0x0800572c       0x24 Drivers/STM32L0xx_HAL_Driver/Src/stm32l0xx_hal_tim.o
                0x0800572c                HAL_TIM_Base_Stop_IT
 .text.HAL_TIM_IC_MspInit
                0x08005750        0x4 Drivers/STM32L0xx_HAL_Driver/Src/stm32l0xx_hal_tim.o
                0x08005750                HAL_TIM_IC_MspInit
 .text.HAL_TIM_IC_Init
                0x08005754       0x34 Drivers/STM32L0xx_HAL_Driver/Src/stm32l0xx_hal_tim.o
                0x08005754                HAL_TIM_IC_Init
 .text.HAL_TIM_IC_Start_DMA
                0x08005788       0xf0 Drivers/STM32L0xx_HAL_Driver/Src/stm32l0xx_hal_tim.o
                0x08005788                HAL_TIM_IC_Start_DMA
 .text.HAL_TIM_IC_Stop_DMA
                0x08005878       0x80 Drivers/STM32L0xx_HAL_Driver/Src/stm32l0xx_hal_tim.o
                0x08005878                HAL_TIM_IC_Stop_DMA
 .text.HAL_TIM_IC_ConfigChannel
                0x080058f8       0xc8 Drivers/STM32L0xx_HAL_Driver/Src/stm32l0xx_hal_tim.o
                0x080058f8                HAL_TIM_IC_ConfigChannel
 .text.HAL_TIM_ConfigClockSource
                0x080059c0      0x120 Drivers/STM32L0xx_HAL_Driver/Src/stm32l0xx_hal_tim.o
                0x080059c0                HAL_TIM_ConfigClockSource
 .text.HAL_TIM_OC_DelayElapsedCallback
                0x08005ae0        0x4 Drivers/STM32L0xx_HAL_Driver/Src/stm32l0xx_hal_tim.o
                0x08005ae0                HAL_TIM_OC_DelayElapsedCallback
 .text.TIM_DMACaptureCplt
                0x08005ae4       0x44 Drivers/STM32L0xx_HAL_Driver/Src/stm32l0xx_hal_tim.o
                0x08005ae4                TIM_DMACaptureCplt
 .text.HAL_TIM_PWM_PulseFinishedCallback
                0x08005b28        0x4 Drivers/STM32L0xx_HAL_Driver/Src/stm32l0xx_hal_tim.o
                0x08005b28                HAL_TIM_PWM_PulseFinishedCallback
 .text.HAL_TIM_TriggerCallback
                0x08005b2c        0x4 Drivers/STM32L0xx_HAL_Driver/Src/stm32l0xx_hal_tim.o
                0x08005b2c                HAL_TIM_TriggerCallback
 .text.HAL_TIM_IRQHandler
                0x08005b30      0x120 Drivers/STM32L0xx_HAL_Driver/Src/stm32l0xx_hal_tim.o
                0x08005b30                HAL_TIM_IRQHandler
 .text.HAL_TIM_ErrorCallback
                0x08005c50        0x4 Drivers/STM32L0xx_HAL_Driver/Src/stm32l0xx_hal_tim.o
                0x08005c50                HAL_TIM_ErrorCallback
 .text.TIM_DMAError
                0x08005c54       0x10 Drivers/STM32L0xx_HAL_Driver/Src/stm32l0xx_hal_tim.o
                0x08005c54                TIM_DMAError
 .text.HAL_TIMEx_MasterConfigSynchronization
                0x08005c64       0x4c Drivers/STM32L0xx_HAL_Driver/Src/stm32l0xx_hal_tim_ex.o
                0x08005c64                HAL_TIMEx_MasterConfigSynchronization
 .text.HAL_TIMEx_RemapConfig
                0x08005cb0       0x20 Drivers/STM32L0xx_HAL_Driver/Src/stm32l0xx_hal_tim_ex.o
                0x08005cb0                HAL_TIMEx_RemapConfig
 .text.UART_EndTxTransfer
                0x08005cd0       0x14 Drivers/STM32L0xx_HAL_Driver/Src/stm32l0xx_hal_uart.o
 .text.UART_EndRxTransfer
                0x08005ce4       0x20 Drivers/STM32L0xx_HAL_Driver/Src/stm32l0xx_hal_uart.o
 .text.UART_Transmit_IT
                0x08005d04       0x6c Drivers/STM32L0xx_HAL_Driver/Src/stm32l0xx_hal_uart.o
 .text.HAL_UART_DeInit
                0x08005d70       0x3c Drivers/STM32L0xx_HAL_Driver/Src/stm32l0xx_hal_uart.o
                0x08005d70                HAL_UART_DeInit
 .text.HAL_UART_Receive_IT
                0x08005dac       0xd4 Drivers/STM32L0xx_HAL_Driver/Src/stm32l0xx_hal_uart.o
                0x08005dac                HAL_UART_Receive_IT
 .text.HAL_UART_Receive_DMA
                0x08005e80       0xb0 Drivers/STM32L0xx_HAL_Driver/Src/stm32l0xx_hal_uart.o
                0x08005e80                HAL_UART_Receive_DMA
 .text.HAL_UART_TxCpltCallback
                0x08005f30        0x4 Drivers/STM32L0xx_HAL_Driver/Src/stm32l0xx_hal_uart.o
                0x08005f30                HAL_UART_TxCpltCallback
 .text.UART_EndTransmit_IT
                0x08005f34       0x1c Drivers/STM32L0xx_HAL_Driver/Src/stm32l0xx_hal_uart.o
 .text.UART_DMAReceiveCplt
                0x08005f50       0x44 Drivers/STM32L0xx_HAL_Driver/Src/stm32l0xx_hal_uart.o
 .text.UART_Receive_IT
                0x08005f94       0x84 Drivers/STM32L0xx_HAL_Driver/Src/stm32l0xx_hal_uart.o
 .text.HAL_UART_RxHalfCpltCallback
                0x08006018        0x4 Drivers/STM32L0xx_HAL_Driver/Src/stm32l0xx_hal_uart.o
                0x08006018                HAL_UART_RxHalfCpltCallback
 .text.UART_DMARxHalfCplt
                0x0800601c        0xc Drivers/STM32L0xx_HAL_Driver/Src/stm32l0xx_hal_uart.o
 .text.HAL_UART_ErrorCallback
                0x08006028        0x4 Drivers/STM32L0xx_HAL_Driver/Src/stm32l0xx_hal_uart.o
                0x08006028                HAL_UART_ErrorCallback
 .text.UART_DMAError
                0x0800602c       0x4c Drivers/STM32L0xx_HAL_Driver/Src/stm32l0xx_hal_uart.o
 .text.HAL_UART_IRQHandler
                0x08006078      0x140 Drivers/STM32L0xx_HAL_Driver/Src/stm32l0xx_hal_uart.o
                0x08006078                HAL_UART_IRQHandler
 .text.UART_DMAAbortOnError
                0x080061b8       0x14 Drivers/STM32L0xx_HAL_Driver/Src/stm32l0xx_hal_uart.o
 .text.UART_SetConfig
                0x080061cc      0x35c Drivers/STM32L0xx_HAL_Driver/Src/stm32l0xx_hal_uart.o
                0x080061cc                UART_SetConfig
 .text.UART_AdvFeatureConfig
                0x08006528       0xe0 Drivers/STM32L0xx_HAL_Driver/Src/stm32l0xx_hal_uart.o
                0x08006528                UART_AdvFeatureConfig
 .text.UART_WaitOnFlagUntilTimeout
                0x08006608       0x6c Drivers/STM32L0xx_HAL_Driver/Src/stm32l0xx_hal_uart.o
                0x08006608                UART_WaitOnFlagUntilTimeout
 .text.HAL_UART_Transmit
                0x08006674       0xe4 Drivers/STM32L0xx_HAL_Driver/Src/stm32l0xx_hal_uart.o
                0x08006674                HAL_UART_Transmit
 .text.HAL_UART_Receive
                0x08006758      0x134 Drivers/STM32L0xx_HAL_Driver/Src/stm32l0xx_hal_uart.o
                0x08006758                HAL_UART_Receive
 .text.UART_CheckIdleState
                0x0800688c       0x70 Drivers/STM32L0xx_HAL_Driver/Src/stm32l0xx_hal_uart.o
                0x0800688c                UART_CheckIdleState
 .text.HAL_UART_Init
                0x080068fc       0x6c Drivers/STM32L0xx_HAL_Driver/Src/stm32l0xx_hal_uart.o
                0x080068fc                HAL_UART_Init
 .text.HAL_UARTEx_WakeupCallback
                0x08006968        0x4 Drivers/STM32L0xx_HAL_Driver/Src/stm32l0xx_hal_uart_ex.o
                0x08006968                HAL_UARTEx_WakeupCallback
 .text.test_adc
                0x0800696c      0x334 Src/adc.o
                0x0800696c                test_adc
 .text.HAL_UART_RxCpltCallback
                0x08006ca0      0x11c Src/callback.o
                0x08006ca0                HAL_UART_RxCpltCallback
 .text.HAL_GPIO_EXTI_Callback
                0x08006dbc       0x20 Src/callback.o
                0x08006dbc                HAL_GPIO_EXTI_Callback
 .text.HAL_RTC_AlarmAEventCallback
                0x08006ddc       0x3c Src/callback.o
                0x08006ddc                HAL_RTC_AlarmAEventCallback
 .text.HAL_TIM_PeriodElapsedCallback
                0x08006e18       0x10 Src/callback.o
                0x08006e18                HAL_TIM_PeriodElapsedCallback
 .text.HAL_TIM_IC_CaptureCallback
                0x08006e28       0x18 Src/callback.o
                0x08006e28                HAL_TIM_IC_CaptureCallback
 .text.HAL_SPI_TxRxCpltCallback
                0x08006e40       0x9c Src/callback.o
                0x08006e40                HAL_SPI_TxRxCpltCallback
 .text.test_gpio
                0x08006edc       0xe8 Src/gpio.o
                0x08006edc                test_gpio
 .text.MX_GPIO_Init
                0x08006fc4       0x9c Src/main.o
 .text.MX_DMA_Init
                0x08007060       0x40 Src/main.o
 .text.Error_Handler
                0x080070a0        0x4 Src/main.o
                0x080070a0                Error_Handler
 .text.MX_USART2_UART_Init
                0x080070a4       0x40 Src/main.o
 .text.MX_ADC_Init
                0x080070e4       0x8c Src/main.o
 .text.MX_DAC_Init
                0x08007170       0x3c Src/main.o
 .text.MX_RTC_Init
                0x080071ac       0xc8 Src/main.o
 .text.MX_TIM6_Init
                0x08007274       0x48 Src/main.o
 .text.MX_TIM3_Init
                0x080072bc       0x98 Src/main.o
 .text.MX_SPI2_Init
                0x08007354       0x44 Src/main.o
 .text.MX_I2C2_Init
                0x08007398       0x58 Src/main.o
 .text.MX_LPUART1_UART_Init
                0x080073f0       0x40 Src/main.o
 .text.SystemClock_Config
                0x08007430       0xa4 Src/main.o
                0x08007430                SystemClock_Config
 .text.main     0x080074d4      0x160 Src/main.o
                0x080074d4                main
 .text.VirtualCOM_Transmit
                0x08007634       0x34 Src/print_menu.o
                0x08007634                VirtualCOM_Transmit
 .text.print_menu
                0x08007668       0xd4 Src/print_menu.o
                0x08007668                print_menu
 .text.print_menu_gpio
                0x0800773c       0x70 Src/print_menu.o
                0x0800773c                print_menu_gpio
 .text.print_menu_rtc
                0x080077ac       0x90 Src/print_menu.o
                0x080077ac                print_menu_rtc
 .text.print_menu_adc
                0x0800783c       0x90 Src/print_menu.o
                0x0800783c                print_menu_adc
 .text.print_menu_uart
                0x080078cc       0x90 Src/print_menu.o
                0x080078cc                print_menu_uart
 .text.print_menu_timer
                0x0800795c       0x70 Src/print_menu.o
                0x0800795c                print_menu_timer
 .text.test_rtc
                0x080079cc      0x210 Src/rtc.o
                0x080079cc                test_rtc
 .text.test_spi
                0x08007bdc       0xd0 Src/spi.o
                0x08007bdc                test_spi
 .text.HAL_MspInit
                0x08007cac       0x40 Src/stm32l0xx_hal_msp.o
                0x08007cac                HAL_MspInit
 .text.HAL_ADC_MspInit
                0x08007cec       0x3c Src/stm32l0xx_hal_msp.o
                0x08007cec                HAL_ADC_MspInit
 .text.HAL_DAC_MspInit
                0x08007d28       0x4c Src/stm32l0xx_hal_msp.o
                0x08007d28                HAL_DAC_MspInit
 .text.HAL_I2C_MspInit
                0x08007d74       0x48 Src/stm32l0xx_hal_msp.o
                0x08007d74                HAL_I2C_MspInit
 .text.HAL_UART_MspInit
                0x08007dbc       0xd0 Src/stm32l0xx_hal_msp.o
                0x08007dbc                HAL_UART_MspInit
 .text.HAL_UART_MspDeInit
                0x08007e8c       0x68 Src/stm32l0xx_hal_msp.o
                0x08007e8c                HAL_UART_MspDeInit
 .text.HAL_RTC_MspInit
                0x08007ef4       0x30 Src/stm32l0xx_hal_msp.o
                0x08007ef4                HAL_RTC_MspInit
 .text.HAL_SPI_MspInit
                0x08007f24       0xd0 Src/stm32l0xx_hal_msp.o
                0x08007f24                HAL_SPI_MspInit
 .text.HAL_TIM_Base_MspInit
                0x08007ff4       0xac Src/stm32l0xx_hal_msp.o
                0x08007ff4                HAL_TIM_Base_MspInit
 .text.SVC_Handler
                0x080080a0        0x4 Src/stm32l0xx_it.o
                0x080080a0                SVC_Handler
 .text.PendSV_Handler
                0x080080a4        0x4 Src/stm32l0xx_it.o
                0x080080a4                PendSV_Handler
 .text.SysTick_Handler
                0x080080a8        0xc Src/stm32l0xx_it.o
                0x080080a8                SysTick_Handler
 .text.RTC_IRQHandler
                0x080080b4       0x10 Src/stm32l0xx_it.o
                0x080080b4                RTC_IRQHandler
 .text.EXTI4_15_IRQHandler
                0x080080c4        0xc Src/stm32l0xx_it.o
                0x080080c4                EXTI4_15_IRQHandler
 .text.DMA1_Channel2_3_IRQHandler
                0x080080d0       0x10 Src/stm32l0xx_it.o
                0x080080d0                DMA1_Channel2_3_IRQHandler
 .text.DMA1_Channel4_5_6_7_IRQHandler
                0x080080e0       0x24 Src/stm32l0xx_it.o
                0x080080e0                DMA1_Channel4_5_6_7_IRQHandler
 .text.TIM3_IRQHandler
                0x08008104       0x10 Src/stm32l0xx_it.o
                0x08008104                TIM3_IRQHandler
 .text.TIM6_DAC_IRQHandler
                0x08008114       0x18 Src/stm32l0xx_it.o
                0x08008114                TIM6_DAC_IRQHandler
 .text.USART2_IRQHandler
                0x0800812c       0x10 Src/stm32l0xx_it.o
                0x0800812c                USART2_IRQHandler
 .text.RNG_LPUART1_IRQHandler
                0x0800813c       0x10 Src/stm32l0xx_it.o
                0x0800813c                RNG_LPUART1_IRQHandler
 .text.SystemInit
                0x0800814c       0x5c Src/system_stm32l0xx.o
                0x0800814c                SystemInit
 .text.test_timer
                0x080081a8      0x108 Src/tim.o
                0x080081a8                test_timer
 .text.test_uart
                0x080082b0      0x1ac Src/uart.o
                0x080082b0                test_uart
 .text.Reset_Handler
                0x0800845c       0x50 startup/startup_stm32l073xx.o
                0x0800845c                Reset_Handler
 .text.Default_Handler
                0x080084ac        0x2 startup/startup_stm32l073xx.o
                0x080084ac                TSC_IRQHandler
                0x080084ac                HardFault_Handler
                0x080084ac                ADC1_COMP_IRQHandler
                0x080084ac                PVD_IRQHandler
                0x080084ac                NMI_Handler
                0x080084ac                I2C1_IRQHandler
                0x080084ac                RCC_CRS_IRQHandler
                0x080084ac                SPI1_IRQHandler
                0x080084ac                EXTI2_3_IRQHandler
                0x080084ac                I2C2_IRQHandler
                0x080084ac                LCD_IRQHandler
                0x080084ac                DMA1_Channel1_IRQHandler
                0x080084ac                USART4_5_IRQHandler
                0x080084ac                Default_Handler
                0x080084ac                TIM22_IRQHandler
                0x080084ac                TIM7_IRQHandler
                0x080084ac                EXTI0_1_IRQHandler
                0x080084ac                USB_IRQHandler
                0x080084ac                I2C3_IRQHandler
                0x080084ac                SPI2_IRQHandler
                0x080084ac                TIM21_IRQHandler
                0x080084ac                WWDG_IRQHandler
                0x080084ac                TIM2_IRQHandler
                0x080084ac                FLASH_IRQHandler
                0x080084ac                USART1_IRQHandler
                0x080084ac                LPTIM1_IRQHandler
 *fill*         0x080084ae        0x2 
 .text.__libc_init_array
                0x080084b0       0x4c c:/ac6/systemworkbench/plugins/fr.ac6.mcu.externaltools.arm-none.win32_1.13.2.201703061525/tools/compiler/bin/../lib/gcc/arm-none-eabi/5.4.1/../../../../arm-none-eabi/lib/armv6-m\libc_nano.a(lib_a-init.o)
                0x080084b0                __libc_init_array
 .text.memcpy   0x080084fc       0x12 c:/ac6/systemworkbench/plugins/fr.ac6.mcu.externaltools.arm-none.win32_1.13.2.201703061525/tools/compiler/bin/../lib/gcc/arm-none-eabi/5.4.1/../../../../arm-none-eabi/lib/armv6-m\libc_nano.a(lib_a-memcpy-stub.o)
                0x080084fc                memcpy
 .text.memset   0x0800850e       0x10 c:/ac6/systemworkbench/plugins/fr.ac6.mcu.externaltools.arm-none.win32_1.13.2.201703061525/tools/compiler/bin/../lib/gcc/arm-none-eabi/5.4.1/../../../../arm-none-eabi/lib/armv6-m\libc_nano.a(lib_a-memset.o)
                0x0800850e                memset
 .text.__cvt    0x0800851e       0xca c:/ac6/systemworkbench/plugins/fr.ac6.mcu.externaltools.arm-none.win32_1.13.2.201703061525/tools/compiler/bin/../lib/gcc/arm-none-eabi/5.4.1/../../../../arm-none-eabi/lib/armv6-m\libc_nano.a(lib_a-nano-vfprintf_float.o)
                0x0800851e                __cvt
 .text.__exponent
                0x080085e8       0x62 c:/ac6/systemworkbench/plugins/fr.ac6.mcu.externaltools.arm-none.win32_1.13.2.201703061525/tools/compiler/bin/../lib/gcc/arm-none-eabi/5.4.1/../../../../arm-none-eabi/lib/armv6-m\libc_nano.a(lib_a-nano-vfprintf_float.o)
                0x080085e8                __exponent
 *fill*         0x0800864a        0x2 
 .text._printf_float
                0x0800864c      0x4a0 c:/ac6/systemworkbench/plugins/fr.ac6.mcu.externaltools.arm-none.win32_1.13.2.201703061525/tools/compiler/bin/../lib/gcc/arm-none-eabi/5.4.1/../../../../arm-none-eabi/lib/armv6-m\libc_nano.a(lib_a-nano-vfprintf_float.o)
                0x0800864c                _printf_float
 .text._printf_common
                0x08008aec       0xdc c:/ac6/systemworkbench/plugins/fr.ac6.mcu.externaltools.arm-none.win32_1.13.2.201703061525/tools/compiler/bin/../lib/gcc/arm-none-eabi/5.4.1/../../../../arm-none-eabi/lib/armv6-m\libc_nano.a(lib_a-nano-vfprintf_i.o)
                0x08008aec                _printf_common
 .text._printf_i
                0x08008bc8      0x244 c:/ac6/systemworkbench/plugins/fr.ac6.mcu.externaltools.arm-none.win32_1.13.2.201703061525/tools/compiler/bin/../lib/gcc/arm-none-eabi/5.4.1/../../../../arm-none-eabi/lib/armv6-m\libc_nano.a(lib_a-nano-vfprintf_i.o)
                0x08008bc8                _printf_i
 .text._strtol_l.isra.0
                0x08008e0c      0x11c c:/ac6/systemworkbench/plugins/fr.ac6.mcu.externaltools.arm-none.win32_1.13.2.201703061525/tools/compiler/bin/../lib/gcc/arm-none-eabi/5.4.1/../../../../arm-none-eabi/lib/armv6-m\libc_nano.a(lib_a-strtol.o)
 .text.strtol   0x08008f28       0x28 c:/ac6/systemworkbench/plugins/fr.ac6.mcu.externaltools.arm-none.win32_1.13.2.201703061525/tools/compiler/bin/../lib/gcc/arm-none-eabi/5.4.1/../../../../arm-none-eabi/lib/armv6-m\libc_nano.a(lib_a-strtol.o)
                0x08008f28                strtol
 .text._vsprintf_r
                0x08008f50       0x30 c:/ac6/systemworkbench/plugins/fr.ac6.mcu.externaltools.arm-none.win32_1.13.2.201703061525/tools/compiler/bin/../lib/gcc/arm-none-eabi/5.4.1/../../../../arm-none-eabi/lib/armv6-m\libc_nano.a(lib_a-vsprintf.o)
                0x08008f50                _vsprintf_r
                0x08008f50                _vsiprintf_r
 .text.vsprintf
                0x08008f80       0x18 c:/ac6/systemworkbench/plugins/fr.ac6.mcu.externaltools.arm-none.win32_1.13.2.201703061525/tools/compiler/bin/../lib/gcc/arm-none-eabi/5.4.1/../../../../arm-none-eabi/lib/armv6-m\libc_nano.a(lib_a-vsprintf.o)
                0x08008f80                vsiprintf
                0x08008f80                vsprintf
 .text.quorem   0x08008f98      0x10c c:/ac6/systemworkbench/plugins/fr.ac6.mcu.externaltools.arm-none.win32_1.13.2.201703061525/tools/compiler/bin/../lib/gcc/arm-none-eabi/5.4.1/../../../../arm-none-eabi/lib/armv6-m\libc_nano.a(lib_a-dtoa.o)
 .text._dtoa_r  0x080090a4      0xb8c c:/ac6/systemworkbench/plugins/fr.ac6.mcu.externaltools.arm-none.win32_1.13.2.201703061525/tools/compiler/bin/../lib/gcc/arm-none-eabi/5.4.1/../../../../arm-none-eabi/lib/armv6-m\libc_nano.a(lib_a-dtoa.o)
                0x080090a4                _dtoa_r
 .text.__locale_ctype_ptr_l
                0x08009c30        0x6 c:/ac6/systemworkbench/plugins/fr.ac6.mcu.externaltools.arm-none.win32_1.13.2.201703061525/tools/compiler/bin/../lib/gcc/arm-none-eabi/5.4.1/../../../../arm-none-eabi/lib/armv6-m\libc_nano.a(lib_a-locale.o)
                0x08009c30                __locale_ctype_ptr_l
 *fill*         0x08009c36        0x2 
 .text._localeconv_r
                0x08009c38       0x18 c:/ac6/systemworkbench/plugins/fr.ac6.mcu.externaltools.arm-none.win32_1.13.2.201703061525/tools/compiler/bin/../lib/gcc/arm-none-eabi/5.4.1/../../../../arm-none-eabi/lib/armv6-m\libc_nano.a(lib_a-localeconv.o)
                0x08009c38                _localeconv_r
 .text.malloc   0x08009c50       0x14 c:/ac6/systemworkbench/plugins/fr.ac6.mcu.externaltools.arm-none.win32_1.13.2.201703061525/tools/compiler/bin/../lib/gcc/arm-none-eabi/5.4.1/../../../../arm-none-eabi/lib/armv6-m\libc_nano.a(lib_a-malloc.o)
                0x08009c50                malloc
 .text.__ascii_mbtowc
                0x08009c64       0x24 c:/ac6/systemworkbench/plugins/fr.ac6.mcu.externaltools.arm-none.win32_1.13.2.201703061525/tools/compiler/bin/../lib/gcc/arm-none-eabi/5.4.1/../../../../arm-none-eabi/lib/armv6-m\libc_nano.a(lib_a-mbtowc_r.o)
                0x08009c64                __ascii_mbtowc
 .text.memchr   0x08009c88       0x16 c:/ac6/systemworkbench/plugins/fr.ac6.mcu.externaltools.arm-none.win32_1.13.2.201703061525/tools/compiler/bin/../lib/gcc/arm-none-eabi/5.4.1/../../../../arm-none-eabi/lib/armv6-m\libc_nano.a(lib_a-memchr-stub.o)
                0x08009c88                memchr
 .text._Balloc  0x08009c9e       0x70 c:/ac6/systemworkbench/plugins/fr.ac6.mcu.externaltools.arm-none.win32_1.13.2.201703061525/tools/compiler/bin/../lib/gcc/arm-none-eabi/5.4.1/../../../../arm-none-eabi/lib/armv6-m\libc_nano.a(lib_a-mprec.o)
                0x08009c9e                _Balloc
 .text._Bfree   0x08009d0e       0x32 c:/ac6/systemworkbench/plugins/fr.ac6.mcu.externaltools.arm-none.win32_1.13.2.201703061525/tools/compiler/bin/../lib/gcc/arm-none-eabi/5.4.1/../../../../arm-none-eabi/lib/armv6-m\libc_nano.a(lib_a-mprec.o)
                0x08009d0e                _Bfree
 .text.__multadd
                0x08009d40       0x7a c:/ac6/systemworkbench/plugins/fr.ac6.mcu.externaltools.arm-none.win32_1.13.2.201703061525/tools/compiler/bin/../lib/gcc/arm-none-eabi/5.4.1/../../../../arm-none-eabi/lib/armv6-m\libc_nano.a(lib_a-mprec.o)
                0x08009d40                __multadd
 .text.__hi0bits
                0x08009dba       0x36 c:/ac6/systemworkbench/plugins/fr.ac6.mcu.externaltools.arm-none.win32_1.13.2.201703061525/tools/compiler/bin/../lib/gcc/arm-none-eabi/5.4.1/../../../../arm-none-eabi/lib/armv6-m\libc_nano.a(lib_a-mprec.o)
                0x08009dba                __hi0bits
 .text.__lo0bits
                0x08009df0       0x5e c:/ac6/systemworkbench/plugins/fr.ac6.mcu.externaltools.arm-none.win32_1.13.2.201703061525/tools/compiler/bin/../lib/gcc/arm-none-eabi/5.4.1/../../../../arm-none-eabi/lib/armv6-m\libc_nano.a(lib_a-mprec.o)
                0x08009df0                __lo0bits
 .text.__i2b    0x08009e4e       0x12 c:/ac6/systemworkbench/plugins/fr.ac6.mcu.externaltools.arm-none.win32_1.13.2.201703061525/tools/compiler/bin/../lib/gcc/arm-none-eabi/5.4.1/../../../../arm-none-eabi/lib/armv6-m\libc_nano.a(lib_a-mprec.o)
                0x08009e4e                __i2b
 .text.__multiply
                0x08009e60      0x112 c:/ac6/systemworkbench/plugins/fr.ac6.mcu.externaltools.arm-none.win32_1.13.2.201703061525/tools/compiler/bin/../lib/gcc/arm-none-eabi/5.4.1/../../../../arm-none-eabi/lib/armv6-m\libc_nano.a(lib_a-mprec.o)
                0x08009e60                __multiply
 *fill*         0x08009f72        0x2 
 .text.__pow5mult
                0x08009f74       0xa8 c:/ac6/systemworkbench/plugins/fr.ac6.mcu.externaltools.arm-none.win32_1.13.2.201703061525/tools/compiler/bin/../lib/gcc/arm-none-eabi/5.4.1/../../../../arm-none-eabi/lib/armv6-m\libc_nano.a(lib_a-mprec.o)
                0x08009f74                __pow5mult
 .text.__lshift
                0x0800a01c       0xa4 c:/ac6/systemworkbench/plugins/fr.ac6.mcu.externaltools.arm-none.win32_1.13.2.201703061525/tools/compiler/bin/../lib/gcc/arm-none-eabi/5.4.1/../../../../arm-none-eabi/lib/armv6-m\libc_nano.a(lib_a-mprec.o)
                0x0800a01c                __lshift
 .text.__mcmp   0x0800a0c0       0x36 c:/ac6/systemworkbench/plugins/fr.ac6.mcu.externaltools.arm-none.win32_1.13.2.201703061525/tools/compiler/bin/../lib/gcc/arm-none-eabi/5.4.1/../../../../arm-none-eabi/lib/armv6-m\libc_nano.a(lib_a-mprec.o)
                0x0800a0c0                __mcmp
 .text.__mdiff  0x0800a0f6       0xd6 c:/ac6/systemworkbench/plugins/fr.ac6.mcu.externaltools.arm-none.win32_1.13.2.201703061525/tools/compiler/bin/../lib/gcc/arm-none-eabi/5.4.1/../../../../arm-none-eabi/lib/armv6-m\libc_nano.a(lib_a-mprec.o)
                0x0800a0f6                __mdiff
 .text.__d2b    0x0800a1cc       0xa8 c:/ac6/systemworkbench/plugins/fr.ac6.mcu.externaltools.arm-none.win32_1.13.2.201703061525/tools/compiler/bin/../lib/gcc/arm-none-eabi/5.4.1/../../../../arm-none-eabi/lib/armv6-m\libc_nano.a(lib_a-mprec.o)
                0x0800a1cc                __d2b
 .text._calloc_r
                0x0800a274       0x1c c:/ac6/systemworkbench/plugins/fr.ac6.mcu.externaltools.arm-none.win32_1.13.2.201703061525/tools/compiler/bin/../lib/gcc/arm-none-eabi/5.4.1/../../../../arm-none-eabi/lib/armv6-m\libc_nano.a(lib_a-nano-callocr.o)
                0x0800a274                _calloc_r
 .text._free_r  0x0800a290       0x98 c:/ac6/systemworkbench/plugins/fr.ac6.mcu.externaltools.arm-none.win32_1.13.2.201703061525/tools/compiler/bin/../lib/gcc/arm-none-eabi/5.4.1/../../../../arm-none-eabi/lib/armv6-m\libc_nano.a(lib_a-nano-freer.o)
                0x0800a290                _free_r
 .text._malloc_r
                0x0800a328       0xc0 c:/ac6/systemworkbench/plugins/fr.ac6.mcu.externaltools.arm-none.win32_1.13.2.201703061525/tools/compiler/bin/../lib/gcc/arm-none-eabi/5.4.1/../../../../arm-none-eabi/lib/armv6-m\libc_nano.a(lib_a-nano-mallocr.o)
                0x0800a328                _malloc_r
 .text.__ssputs_r
                0x0800a3e8       0xc4 c:/ac6/systemworkbench/plugins/fr.ac6.mcu.externaltools.arm-none.win32_1.13.2.201703061525/tools/compiler/bin/../lib/gcc/arm-none-eabi/5.4.1/../../../../arm-none-eabi/lib/armv6-m\libc_nano.a(lib_a-nano-svfprintf.o)
                0x0800a3e8                __ssputs_r
 .text._svfprintf_r
                0x0800a4ac      0x1fc c:/ac6/systemworkbench/plugins/fr.ac6.mcu.externaltools.arm-none.win32_1.13.2.201703061525/tools/compiler/bin/../lib/gcc/arm-none-eabi/5.4.1/../../../../arm-none-eabi/lib/armv6-m\libc_nano.a(lib_a-nano-svfprintf.o)
                0x0800a4ac                _svfiprintf_r
                0x0800a4ac                _svfprintf_r
 .text._sbrk_r  0x0800a6a8       0x24 c:/ac6/systemworkbench/plugins/fr.ac6.mcu.externaltools.arm-none.win32_1.13.2.201703061525/tools/compiler/bin/../lib/gcc/arm-none-eabi/5.4.1/../../../../arm-none-eabi/lib/armv6-m\libc_nano.a(lib_a-sbrkr.o)
                0x0800a6a8                _sbrk_r
 .text.__ascii_wctomb
                0x0800a6cc       0x18 c:/ac6/systemworkbench/plugins/fr.ac6.mcu.externaltools.arm-none.win32_1.13.2.201703061525/tools/compiler/bin/../lib/gcc/arm-none-eabi/5.4.1/../../../../arm-none-eabi/lib/armv6-m\libc_nano.a(lib_a-wctomb_r.o)
                0x0800a6cc                __ascii_wctomb
 .text.memmove  0x0800a6e4       0x2a c:/ac6/systemworkbench/plugins/fr.ac6.mcu.externaltools.arm-none.win32_1.13.2.201703061525/tools/compiler/bin/../lib/gcc/arm-none-eabi/5.4.1/../../../../arm-none-eabi/lib/armv6-m\libc_nano.a(lib_a-memmove.o)
                0x0800a6e4                memmove
 .text.__malloc_lock
                0x0800a70e        0x2 c:/ac6/systemworkbench/plugins/fr.ac6.mcu.externaltools.arm-none.win32_1.13.2.201703061525/tools/compiler/bin/../lib/gcc/arm-none-eabi/5.4.1/../../../../arm-none-eabi/lib/armv6-m\libc_nano.a(lib_a-mlock.o)
                0x0800a70e                __malloc_lock
 .text.__malloc_unlock
                0x0800a710        0x2 c:/ac6/systemworkbench/plugins/fr.ac6.mcu.externaltools.arm-none.win32_1.13.2.201703061525/tools/compiler/bin/../lib/gcc/arm-none-eabi/5.4.1/../../../../arm-none-eabi/lib/armv6-m\libc_nano.a(lib_a-mlock.o)
                0x0800a710                __malloc_unlock
 .text._realloc_r
                0x0800a712       0x4c c:/ac6/systemworkbench/plugins/fr.ac6.mcu.externaltools.arm-none.win32_1.13.2.201703061525/tools/compiler/bin/../lib/gcc/arm-none-eabi/5.4.1/../../../../arm-none-eabi/lib/armv6-m\libc_nano.a(lib_a-nano-reallocr.o)
                0x0800a712                _realloc_r
 .text._malloc_usable_size_r
                0x0800a75e       0x16 c:/ac6/systemworkbench/plugins/fr.ac6.mcu.externaltools.arm-none.win32_1.13.2.201703061525/tools/compiler/bin/../lib/gcc/arm-none-eabi/5.4.1/../../../../arm-none-eabi/lib/armv6-m\libc_nano.a(lib_a-nano-msizer.o)
                0x0800a75e                _malloc_usable_size_r
 .text._sbrk    0x0800a774       0x1c c:/ac6/systemworkbench/plugins/fr.ac6.mcu.externaltools.arm-none.win32_1.13.2.201703061525/tools/compiler/bin/../lib/gcc/arm-none-eabi/5.4.1/../../../../arm-none-eabi/lib/armv6-m\libnosys.a(sbrk.o)
                0x0800a774                _sbrk
 *(.glue_7)
 .glue_7        0x0800a790        0x0 linker stubs
 *(.glue_7t)
 .glue_7t       0x0800a790        0x0 linker stubs
 *(.eh_frame)
 .eh_frame      0x0800a790        0x0 c:/ac6/systemworkbench/plugins/fr.ac6.mcu.externaltools.arm-none.win32_1.13.2.201703061525/tools/compiler/bin/../lib/gcc/arm-none-eabi/5.4.1/armv6-m/crtbegin.o
 *(.init)
 .init          0x0800a790        0x4 c:/ac6/systemworkbench/plugins/fr.ac6.mcu.externaltools.arm-none.win32_1.13.2.201703061525/tools/compiler/bin/../lib/gcc/arm-none-eabi/5.4.1/armv6-m/crti.o
                0x0800a790                _init
 .init          0x0800a794        0x8 c:/ac6/systemworkbench/plugins/fr.ac6.mcu.externaltools.arm-none.win32_1.13.2.201703061525/tools/compiler/bin/../lib/gcc/arm-none-eabi/5.4.1/armv6-m/crtn.o
 *(.fini)
 .fini          0x0800a79c        0x4 c:/ac6/systemworkbench/plugins/fr.ac6.mcu.externaltools.arm-none.win32_1.13.2.201703061525/tools/compiler/bin/../lib/gcc/arm-none-eabi/5.4.1/armv6-m/crti.o
                0x0800a79c                _fini
 .fini          0x0800a7a0        0x8 c:/ac6/systemworkbench/plugins/fr.ac6.mcu.externaltools.arm-none.win32_1.13.2.201703061525/tools/compiler/bin/../lib/gcc/arm-none-eabi/5.4.1/armv6-m/crtn.o
                0x0800a7a8                . = ALIGN (0x4)
                0x0800a7a8                _etext = .

.vfp11_veneer   0x0800a7a8        0x0
 .vfp11_veneer  0x0800a7a8        0x0 linker stubs

.v4_bx          0x0800a7a8        0x0
 .v4_bx         0x0800a7a8        0x0 linker stubs

.iplt           0x0800a7a8        0x0
 .iplt          0x0800a7a8        0x0 c:/ac6/systemworkbench/plugins/fr.ac6.mcu.externaltools.arm-none.win32_1.13.2.201703061525/tools/compiler/bin/../lib/gcc/arm-none-eabi/5.4.1/armv6-m/crtbegin.o

.rodata         0x0800a7a8      0xef8
                0x0800a7a8                . = ALIGN (0x4)
 *(.rodata)
 .rodata        0x0800a7a8       0x48 Drivers/STM32L0xx_HAL_Driver/Src/stm32l0xx_hal_uart.o
 .rodata        0x0800a7f0       0x14 Src/adc.o
 .rodata        0x0800a804       0x50 Src/main.o
 .rodata        0x0800a854       0x54 Src/print_menu.o
 .rodata        0x0800a8a8       0x24 Src/system_stm32l0xx.o
                0x0800a8a8                PLLMulTable
                0x0800a8b4                AHBPrescTable
                0x0800a8c4                APBPrescTable
 .rodata        0x0800a8cc       0x80 c:/ac6/systemworkbench/plugins/fr.ac6.mcu.externaltools.arm-none.win32_1.13.2.201703061525/tools/compiler/bin/../lib/gcc/arm-none-eabi/5.4.1/armv6-m\libgcc.a(divsf3.o)
 .rodata        0x0800a94c       0x40 c:/ac6/systemworkbench/plugins/fr.ac6.mcu.externaltools.arm-none.win32_1.13.2.201703061525/tools/compiler/bin/../lib/gcc/arm-none-eabi/5.4.1/armv6-m\libgcc.a(muldf3.o)
 .rodata        0x0800a98c       0x40 c:/ac6/systemworkbench/plugins/fr.ac6.mcu.externaltools.arm-none.win32_1.13.2.201703061525/tools/compiler/bin/../lib/gcc/arm-none-eabi/5.4.1/armv6-m\libgcc.a(divdf3.o)
 *(.rodata*)
 .rodata.str1.4
                0x0800a9cc      0x221 Src/adc.o
                                0x225 (size before relaxing)
 *fill*         0x0800abed        0x3 
 .rodata.str1.4
                0x0800abf0      0x18f Src/callback.o
                                0x193 (size before relaxing)
 *fill*         0x0800ad7f        0x1 
 .rodata.str1.4
                0x0800ad80       0x81 Src/gpio.o
 *fill*         0x0800ae01        0x3 
 .rodata.str1.4
                0x0800ae04      0x2f2 Src/print_menu.o
 *fill*         0x0800b0f6        0x2 
 .rodata.str1.4
                0x0800b0f8       0xf2 Src/rtc.o
                                 0xf6 (size before relaxing)
 *fill*         0x0800b1ea        0x2 
 .rodata.str1.4
                0x0800b1ec       0x67 Src/spi.o
                                 0xc7 (size before relaxing)
 *fill*         0x0800b253        0x1 
 .rodata.str1.4
                0x0800b254      0x108 Src/tim.o
 .rodata.str1.4
                0x0800b35c       0xe8 Src/uart.o
                                 0xe6 (size before relaxing)
 .rodata.str1.1
                0x0800b444       0x12 c:/ac6/systemworkbench/plugins/fr.ac6.mcu.externaltools.arm-none.win32_1.13.2.201703061525/tools/compiler/bin/../lib/gcc/arm-none-eabi/5.4.1/../../../../arm-none-eabi/lib/armv6-m\libc_nano.a(lib_a-nano-vfprintf_float.o)
 .rodata.str1.1
                0x0800b456       0x22 c:/ac6/systemworkbench/plugins/fr.ac6.mcu.externaltools.arm-none.win32_1.13.2.201703061525/tools/compiler/bin/../lib/gcc/arm-none-eabi/5.4.1/../../../../arm-none-eabi/lib/armv6-m\libc_nano.a(lib_a-nano-vfprintf_i.o)
 .rodata.str1.1
                0x0800b478        0xd c:/ac6/systemworkbench/plugins/fr.ac6.mcu.externaltools.arm-none.win32_1.13.2.201703061525/tools/compiler/bin/../lib/gcc/arm-none-eabi/5.4.1/../../../../arm-none-eabi/lib/armv6-m\libc_nano.a(lib_a-dtoa.o)
                                  0xf (size before relaxing)
 .rodata.str1.1
                0x0800b485        0xa c:/ac6/systemworkbench/plugins/fr.ac6.mcu.externaltools.arm-none.win32_1.13.2.201703061525/tools/compiler/bin/../lib/gcc/arm-none-eabi/5.4.1/../../../../arm-none-eabi/lib/armv6-m\libc_nano.a(lib_a-locale.o)
                                  0xb (size before relaxing)
 *fill*         0x0800b48f        0x1 
 .rodata.__mprec_tens
                0x0800b490       0xc8 c:/ac6/systemworkbench/plugins/fr.ac6.mcu.externaltools.arm-none.win32_1.13.2.201703061525/tools/compiler/bin/../lib/gcc/arm-none-eabi/5.4.1/../../../../arm-none-eabi/lib/armv6-m\libc_nano.a(lib_a-mprec.o)
                0x0800b490                __mprec_tens
 .rodata.__mprec_bigtens
                0x0800b558       0x28 c:/ac6/systemworkbench/plugins/fr.ac6.mcu.externaltools.arm-none.win32_1.13.2.201703061525/tools/compiler/bin/../lib/gcc/arm-none-eabi/5.4.1/../../../../arm-none-eabi/lib/armv6-m\libc_nano.a(lib_a-mprec.o)
                0x0800b558                __mprec_bigtens
 .rodata.p05.6097
                0x0800b580        0xc c:/ac6/systemworkbench/plugins/fr.ac6.mcu.externaltools.arm-none.win32_1.13.2.201703061525/tools/compiler/bin/../lib/gcc/arm-none-eabi/5.4.1/../../../../arm-none-eabi/lib/armv6-m\libc_nano.a(lib_a-mprec.o)
 .rodata.str1.1
                0x0800b58c       0x11 c:/ac6/systemworkbench/plugins/fr.ac6.mcu.externaltools.arm-none.win32_1.13.2.201703061525/tools/compiler/bin/../lib/gcc/arm-none-eabi/5.4.1/../../../../arm-none-eabi/lib/armv6-m\libc_nano.a(lib_a-nano-svfprintf.o)
 .rodata._ctype_
                0x0800b59d      0x101 c:/ac6/systemworkbench/plugins/fr.ac6.mcu.externaltools.arm-none.win32_1.13.2.201703061525/tools/compiler/bin/../lib/gcc/arm-none-eabi/5.4.1/../../../../arm-none-eabi/lib/armv6-m\libc_nano.a(lib_a-ctype_.o)
                0x0800b59d                _ctype_
                0x0800b6a0                . = ALIGN (0x4)
 *fill*         0x0800b69e        0x2 

.ARM.extab
 *(.ARM.extab* .gnu.linkonce.armextab.*)

.ARM            0x0800b6a0        0x8
                0x0800b6a0                __exidx_start = .
 *(.ARM.exidx*)
 .ARM.exidx     0x0800b6a0        0x8 c:/ac6/systemworkbench/plugins/fr.ac6.mcu.externaltools.arm-none.win32_1.13.2.201703061525/tools/compiler/bin/../lib/gcc/arm-none-eabi/5.4.1/armv6-m\libgcc.a(_udivmoddi4.o)
                0x0800b6a8                __exidx_end = .

.rel.dyn        0x0800b6a8        0x0
 .rel.iplt      0x0800b6a8        0x0 c:/ac6/systemworkbench/plugins/fr.ac6.mcu.externaltools.arm-none.win32_1.13.2.201703061525/tools/compiler/bin/../lib/gcc/arm-none-eabi/5.4.1/armv6-m/crtbegin.o

.preinit_array  0x0800b6a8        0x0
                0x0800b6a8                PROVIDE (__preinit_array_start, .)
 *(.preinit_array*)
                0x0800b6a8                PROVIDE (__preinit_array_end, .)

.init_array     0x0800b6a8        0x4
                0x0800b6a8                PROVIDE (__init_array_start, .)
 *(SORT(.init_array.*))
 *(.init_array*)
 .init_array    0x0800b6a8        0x4 c:/ac6/systemworkbench/plugins/fr.ac6.mcu.externaltools.arm-none.win32_1.13.2.201703061525/tools/compiler/bin/../lib/gcc/arm-none-eabi/5.4.1/armv6-m/crtbegin.o
                0x0800b6ac                PROVIDE (__init_array_end, .)

.fini_array     0x0800b6ac        0x4
                [!provide]                PROVIDE (__fini_array_start, .)
 *(SORT(.fini_array.*))
 *(.fini_array*)
 .fini_array    0x0800b6ac        0x4 c:/ac6/systemworkbench/plugins/fr.ac6.mcu.externaltools.arm-none.win32_1.13.2.201703061525/tools/compiler/bin/../lib/gcc/arm-none-eabi/5.4.1/armv6-m/crtbegin.o
                [!provide]                PROVIDE (__fini_array_end, .)
                0x0800b6b0                _sidata = LOADADDR (.data)

.data           0x20000000      0x1ec load address 0x0800b6b0
                0x20000000                . = ALIGN (0x4)
                0x20000000                _sdata = .
 *(.data)
 .data          0x20000000       0x16 Src/main.o
                0x20000000                tx_buffer_spi
                0x2000000c                tx_buffer_lpuart
 *fill*         0x20000016        0x2 
 .data          0x20000018        0x4 Src/system_stm32l0xx.o
                0x20000018                SystemCoreClock
 *(.data*)
 .data.impure_data
                0x2000001c       0x60 c:/ac6/systemworkbench/plugins/fr.ac6.mcu.externaltools.arm-none.win32_1.13.2.201703061525/tools/compiler/bin/../lib/gcc/arm-none-eabi/5.4.1/../../../../arm-none-eabi/lib/armv6-m\libc_nano.a(lib_a-impure.o)
 .data._impure_ptr
                0x2000007c        0x4 c:/ac6/systemworkbench/plugins/fr.ac6.mcu.externaltools.arm-none.win32_1.13.2.201703061525/tools/compiler/bin/../lib/gcc/arm-none-eabi/5.4.1/../../../../arm-none-eabi/lib/armv6-m\libc_nano.a(lib_a-impure.o)
                0x2000007c                _impure_ptr
 .data.__global_locale
                0x20000080      0x16c c:/ac6/systemworkbench/plugins/fr.ac6.mcu.externaltools.arm-none.win32_1.13.2.201703061525/tools/compiler/bin/../lib/gcc/arm-none-eabi/5.4.1/../../../../arm-none-eabi/lib/armv6-m\libc_nano.a(lib_a-locale.o)
                0x20000080                __global_locale
                0x200001ec                . = ALIGN (0x4)
                0x200001ec                _edata = .

.jcr            0x200001ec        0x0 load address 0x0800b89c
 .jcr           0x200001ec        0x0 c:/ac6/systemworkbench/plugins/fr.ac6.mcu.externaltools.arm-none.win32_1.13.2.201703061525/tools/compiler/bin/../lib/gcc/arm-none-eabi/5.4.1/armv6-m/crtbegin.o

.igot.plt       0x200001ec        0x0 load address 0x0800b89c
 .igot.plt      0x200001ec        0x0 c:/ac6/systemworkbench/plugins/fr.ac6.mcu.externaltools.arm-none.win32_1.13.2.201703061525/tools/compiler/bin/../lib/gcc/arm-none-eabi/5.4.1/armv6-m/crtbegin.o
                0x200001ec                . = ALIGN (0x4)

.bss            0x200001ec      0x4c8 load address 0x0800b89c
                0x200001ec                _sbss = .
                0x200001ec                __bss_start__ = _sbss
 *(.bss)
 .bss           0x200001ec       0x1c c:/ac6/systemworkbench/plugins/fr.ac6.mcu.externaltools.arm-none.win32_1.13.2.201703061525/tools/compiler/bin/../lib/gcc/arm-none-eabi/5.4.1/armv6-m/crtbegin.o
 .bss           0x20000208       0xec Src/main.o
                0x20000208                etat_courant
                0x2000020c                nbr_caractere
                0x20000210                lpuart_DMA_Received
                0x20000211                lpuart_IT_Received
                0x20000212                captureDone
                0x20000213                ready
                0x20000214                rx_buffer_spi
                0x20000220                rx_buffer_lpuart
                0x2000022c                tx_buffer_uart
                0x20000290                rx_buffer_uart
 *(.bss*)
 .bss.__malloc_sbrk_start
                0x200002f4        0x4 c:/ac6/systemworkbench/plugins/fr.ac6.mcu.externaltools.arm-none.win32_1.13.2.201703061525/tools/compiler/bin/../lib/gcc/arm-none-eabi/5.4.1/../../../../arm-none-eabi/lib/armv6-m\libc_nano.a(lib_a-nano-mallocr.o)
                0x200002f4                __malloc_sbrk_start
 .bss.__malloc_free_list
                0x200002f8        0x4 c:/ac6/systemworkbench/plugins/fr.ac6.mcu.externaltools.arm-none.win32_1.13.2.201703061525/tools/compiler/bin/../lib/gcc/arm-none-eabi/5.4.1/../../../../arm-none-eabi/lib/armv6-m\libc_nano.a(lib_a-nano-mallocr.o)
                0x200002f8                __malloc_free_list
 .bss.heap_end.4167
                0x200002fc        0x4 c:/ac6/systemworkbench/plugins/fr.ac6.mcu.externaltools.arm-none.win32_1.13.2.201703061525/tools/compiler/bin/../lib/gcc/arm-none-eabi/5.4.1/../../../../arm-none-eabi/lib/armv6-m\libnosys.a(sbrk.o)
 *(COMMON)
 COMMON         0x20000300        0x4 Drivers/STM32L0xx_HAL_Driver/Src/stm32l0xx_hal.o
                0x20000300                uwTick
 COMMON         0x20000304      0x3ac Src/main.o
                0x20000304                hspi2
                0x2000035c                hi2c2
                0x200003a8                hdma_spi2_rx
                0x200003e8                htim3
                0x20000420                hlpuart1
                0x20000490                caractere
                0x20000494                hdma_tim3_ch1
                0x200004d4                hdac
                0x200004e8                hrtc
                0x2000050c                my_time
                0x20000520                captures
                0x20000524                htim6
                0x2000055c                hdma_lpuart1_rx
                0x2000059c                my_date
                0x200005a0                huart2
                0x20000610                hdma_spi2_tx
                0x20000650                hadc
 COMMON         0x200006b0        0x4 c:/ac6/systemworkbench/plugins/fr.ac6.mcu.externaltools.arm-none.win32_1.13.2.201703061525/tools/compiler/bin/../lib/gcc/arm-none-eabi/5.4.1/../../../../arm-none-eabi/lib/armv6-m\libc_nano.a(lib_a-reent.o)
                0x200006b0                errno
                0x200006b4                . = ALIGN (0x4)
                0x200006b4                _ebss = .
                0x200006b4                __bss_end__ = _ebss

._user_heap_stack
                0x200006b4      0x604 load address 0x0800b89c
                0x200006b8                . = ALIGN (0x8)
 *fill*         0x200006b4        0x4 
                0x200006b8                PROVIDE (end, .)
                [!provide]                PROVIDE (_end, .)
                0x200008b8                . = (. + _Min_Heap_Size)
 *fill*         0x200006b8      0x200 
                0x20000cb8                . = (. + _Min_Stack_Size)
 *fill*         0x200008b8      0x400 
                0x20000cb8                . = ALIGN (0x8)

/DISCARD/
 libc.a(*)
 libm.a(*)
 libgcc.a(*)

.ARM.attributes
                0x00000000       0x28
 *(.ARM.attributes)
 .ARM.attributes
                0x00000000       0x1e c:/ac6/systemworkbench/plugins/fr.ac6.mcu.externaltools.arm-none.win32_1.13.2.201703061525/tools/compiler/bin/../lib/gcc/arm-none-eabi/5.4.1/armv6-m/crti.o
 .ARM.attributes
                0x0000001e       0x2c c:/ac6/systemworkbench/plugins/fr.ac6.mcu.externaltools.arm-none.win32_1.13.2.201703061525/tools/compiler/bin/../lib/gcc/arm-none-eabi/5.4.1/armv6-m/crtbegin.o
 .ARM.attributes
                0x0000004a       0x32 Drivers/STM32L0xx_HAL_Driver/Src/stm32l0xx_hal.o
 .ARM.attributes
                0x0000007c       0x32 Drivers/STM32L0xx_HAL_Driver/Src/stm32l0xx_hal_adc.o
 .ARM.attributes
                0x000000ae       0x32 Drivers/STM32L0xx_HAL_Driver/Src/stm32l0xx_hal_adc_ex.o
 .ARM.attributes
                0x000000e0       0x32 Drivers/STM32L0xx_HAL_Driver/Src/stm32l0xx_hal_cortex.o
 .ARM.attributes
                0x00000112       0x32 Drivers/STM32L0xx_HAL_Driver/Src/stm32l0xx_hal_dac.o
 .ARM.attributes
                0x00000144       0x32 Drivers/STM32L0xx_HAL_Driver/Src/stm32l0xx_hal_dac_ex.o
 .ARM.attributes
                0x00000176       0x32 Drivers/STM32L0xx_HAL_Driver/Src/stm32l0xx_hal_dma.o
 .ARM.attributes
                0x000001a8       0x32 Drivers/STM32L0xx_HAL_Driver/Src/stm32l0xx_hal_gpio.o
 .ARM.attributes
                0x000001da       0x32 Drivers/STM32L0xx_HAL_Driver/Src/stm32l0xx_hal_i2c.o
 .ARM.attributes
                0x0000020c       0x32 Drivers/STM32L0xx_HAL_Driver/Src/stm32l0xx_hal_i2c_ex.o
 .ARM.attributes
                0x0000023e       0x32 Drivers/STM32L0xx_HAL_Driver/Src/stm32l0xx_hal_rcc.o
 .ARM.attributes
                0x00000270       0x32 Drivers/STM32L0xx_HAL_Driver/Src/stm32l0xx_hal_rcc_ex.o
 .ARM.attributes
                0x000002a2       0x32 Drivers/STM32L0xx_HAL_Driver/Src/stm32l0xx_hal_rtc.o
 .ARM.attributes
                0x000002d4       0x32 Drivers/STM32L0xx_HAL_Driver/Src/stm32l0xx_hal_rtc_ex.o
 .ARM.attributes
                0x00000306       0x32 Drivers/STM32L0xx_HAL_Driver/Src/stm32l0xx_hal_spi.o
 .ARM.attributes
                0x00000338       0x32 Drivers/STM32L0xx_HAL_Driver/Src/stm32l0xx_hal_tim.o
 .ARM.attributes
                0x0000036a       0x32 Drivers/STM32L0xx_HAL_Driver/Src/stm32l0xx_hal_tim_ex.o
 .ARM.attributes
                0x0000039c       0x32 Drivers/STM32L0xx_HAL_Driver/Src/stm32l0xx_hal_uart.o
 .ARM.attributes
                0x000003ce       0x32 Drivers/STM32L0xx_HAL_Driver/Src/stm32l0xx_hal_uart_ex.o
 .ARM.attributes
                0x00000400       0x32 Src/adc.o
 .ARM.attributes
                0x00000432       0x32 Src/callback.o
 .ARM.attributes
                0x00000464       0x32 Src/gpio.o
 .ARM.attributes
                0x00000496       0x32 Src/main.o
 .ARM.attributes
                0x000004c8       0x32 Src/print_menu.o
 .ARM.attributes
                0x000004fa       0x32 Src/rtc.o
 .ARM.attributes
                0x0000052c       0x32 Src/spi.o
 .ARM.attributes
                0x0000055e       0x32 Src/stm32l0xx_hal_msp.o
 .ARM.attributes
                0x00000590       0x32 Src/stm32l0xx_it.o
 .ARM.attributes
                0x000005c2       0x32 Src/system_stm32l0xx.o
 .ARM.attributes
                0x000005f4       0x32 Src/tim.o
 .ARM.attributes
                0x00000626       0x32 Src/uart.o
 .ARM.attributes
                0x00000658       0x22 startup/startup_stm32l073xx.o
 .ARM.attributes
                0x0000067a       0x1e c:/ac6/systemworkbench/plugins/fr.ac6.mcu.externaltools.arm-none.win32_1.13.2.201703061525/tools/compiler/bin/../lib/gcc/arm-none-eabi/5.4.1/armv6-m\libgcc.a(_udivsi3.o)
 .ARM.attributes
                0x00000698       0x1e c:/ac6/systemworkbench/plugins/fr.ac6.mcu.externaltools.arm-none.win32_1.13.2.201703061525/tools/compiler/bin/../lib/gcc/arm-none-eabi/5.4.1/armv6-m\libgcc.a(_divsi3.o)
 .ARM.attributes
                0x000006b6       0x1e c:/ac6/systemworkbench/plugins/fr.ac6.mcu.externaltools.arm-none.win32_1.13.2.201703061525/tools/compiler/bin/../lib/gcc/arm-none-eabi/5.4.1/armv6-m\libgcc.a(_dvmd_tls.o)
 .ARM.attributes
                0x000006d4       0x1e c:/ac6/systemworkbench/plugins/fr.ac6.mcu.externaltools.arm-none.win32_1.13.2.201703061525/tools/compiler/bin/../lib/gcc/arm-none-eabi/5.4.1/armv6-m\libgcc.a(_aeabi_uldivmod.o)
 .ARM.attributes
                0x000006f2       0x2c c:/ac6/systemworkbench/plugins/fr.ac6.mcu.externaltools.arm-none.win32_1.13.2.201703061525/tools/compiler/bin/../lib/gcc/arm-none-eabi/5.4.1/armv6-m\libgcc.a(_udivmoddi4.o)
 .ARM.attributes
                0x0000071e       0x2c c:/ac6/systemworkbench/plugins/fr.ac6.mcu.externaltools.arm-none.win32_1.13.2.201703061525/tools/compiler/bin/../lib/gcc/arm-none-eabi/5.4.1/armv6-m\libgcc.a(divsf3.o)
 .ARM.attributes
                0x0000074a       0x2c c:/ac6/systemworkbench/plugins/fr.ac6.mcu.externaltools.arm-none.win32_1.13.2.201703061525/tools/compiler/bin/../lib/gcc/arm-none-eabi/5.4.1/armv6-m\libgcc.a(floatunsisf.o)
 .ARM.attributes
                0x00000776       0x2c c:/ac6/systemworkbench/plugins/fr.ac6.mcu.externaltools.arm-none.win32_1.13.2.201703061525/tools/compiler/bin/../lib/gcc/arm-none-eabi/5.4.1/armv6-m\libgcc.a(muldf3.o)
 .ARM.attributes
                0x000007a2       0x2c c:/ac6/systemworkbench/plugins/fr.ac6.mcu.externaltools.arm-none.win32_1.13.2.201703061525/tools/compiler/bin/../lib/gcc/arm-none-eabi/5.4.1/armv6-m\libgcc.a(floatsidf.o)
 .ARM.attributes
                0x000007ce       0x2c c:/ac6/systemworkbench/plugins/fr.ac6.mcu.externaltools.arm-none.win32_1.13.2.201703061525/tools/compiler/bin/../lib/gcc/arm-none-eabi/5.4.1/armv6-m\libgcc.a(extendsfdf2.o)
 .ARM.attributes
                0x000007fa       0x2c c:/ac6/systemworkbench/plugins/fr.ac6.mcu.externaltools.arm-none.win32_1.13.2.201703061525/tools/compiler/bin/../lib/gcc/arm-none-eabi/5.4.1/armv6-m\libgcc.a(truncdfsf2.o)
 .ARM.attributes
                0x00000826       0x1e c:/ac6/systemworkbench/plugins/fr.ac6.mcu.externaltools.arm-none.win32_1.13.2.201703061525/tools/compiler/bin/../lib/gcc/arm-none-eabi/5.4.1/armv6-m\libgcc.a(_clzsi2.o)
 .ARM.attributes
                0x00000844       0x1e c:/ac6/systemworkbench/plugins/fr.ac6.mcu.externaltools.arm-none.win32_1.13.2.201703061525/tools/compiler/bin/../lib/gcc/arm-none-eabi/5.4.1/armv6-m\libgcc.a(_clzdi2.o)
 .ARM.attributes
                0x00000862       0x2c c:/ac6/systemworkbench/plugins/fr.ac6.mcu.externaltools.arm-none.win32_1.13.2.201703061525/tools/compiler/bin/../lib/gcc/arm-none-eabi/5.4.1/../../../../arm-none-eabi/lib/armv6-m\libc_nano.a(lib_a-impure.o)
 .ARM.attributes
                0x0000088e       0x2c c:/ac6/systemworkbench/plugins/fr.ac6.mcu.externaltools.arm-none.win32_1.13.2.201703061525/tools/compiler/bin/../lib/gcc/arm-none-eabi/5.4.1/../../../../arm-none-eabi/lib/armv6-m\libc_nano.a(lib_a-init.o)
 .ARM.attributes
                0x000008ba       0x2c c:/ac6/systemworkbench/plugins/fr.ac6.mcu.externaltools.arm-none.win32_1.13.2.201703061525/tools/compiler/bin/../lib/gcc/arm-none-eabi/5.4.1/../../../../arm-none-eabi/lib/armv6-m\libc_nano.a(lib_a-memcpy-stub.o)
 .ARM.attributes
                0x000008e6       0x2c c:/ac6/systemworkbench/plugins/fr.ac6.mcu.externaltools.arm-none.win32_1.13.2.201703061525/tools/compiler/bin/../lib/gcc/arm-none-eabi/5.4.1/../../../../arm-none-eabi/lib/armv6-m\libc_nano.a(lib_a-memset.o)
 .ARM.attributes
                0x00000912       0x2c c:/ac6/systemworkbench/plugins/fr.ac6.mcu.externaltools.arm-none.win32_1.13.2.201703061525/tools/compiler/bin/../lib/gcc/arm-none-eabi/5.4.1/../../../../arm-none-eabi/lib/armv6-m\libc_nano.a(lib_a-nano-vfprintf_float.o)
 .ARM.attributes
                0x0000093e       0x2c c:/ac6/systemworkbench/plugins/fr.ac6.mcu.externaltools.arm-none.win32_1.13.2.201703061525/tools/compiler/bin/../lib/gcc/arm-none-eabi/5.4.1/../../../../arm-none-eabi/lib/armv6-m\libc_nano.a(lib_a-nano-vfprintf_i.o)
 .ARM.attributes
                0x0000096a       0x1c c:/ac6/systemworkbench/plugins/fr.ac6.mcu.externaltools.arm-none.win32_1.13.2.201703061525/tools/compiler/bin/../lib/gcc/arm-none-eabi/5.4.1/../../../../arm-none-eabi/lib/armv6-m\libc_nano.a(lib_a-strlen.o)
 .ARM.attributes
                0x00000986       0x2c c:/ac6/systemworkbench/plugins/fr.ac6.mcu.externaltools.arm-none.win32_1.13.2.201703061525/tools/compiler/bin/../lib/gcc/arm-none-eabi/5.4.1/../../../../arm-none-eabi/lib/armv6-m\libc_nano.a(lib_a-strtol.o)
 .ARM.attributes
                0x000009b2       0x2c c:/ac6/systemworkbench/plugins/fr.ac6.mcu.externaltools.arm-none.win32_1.13.2.201703061525/tools/compiler/bin/../lib/gcc/arm-none-eabi/5.4.1/../../../../arm-none-eabi/lib/armv6-m\libc_nano.a(lib_a-vsprintf.o)
 .ARM.attributes
                0x000009de       0x2c c:/ac6/systemworkbench/plugins/fr.ac6.mcu.externaltools.arm-none.win32_1.13.2.201703061525/tools/compiler/bin/../lib/gcc/arm-none-eabi/5.4.1/../../../../arm-none-eabi/lib/armv6-m\libc_nano.a(lib_a-dtoa.o)
 .ARM.attributes
                0x00000a0a       0x2c c:/ac6/systemworkbench/plugins/fr.ac6.mcu.externaltools.arm-none.win32_1.13.2.201703061525/tools/compiler/bin/../lib/gcc/arm-none-eabi/5.4.1/../../../../arm-none-eabi/lib/armv6-m\libc_nano.a(lib_a-locale.o)
 .ARM.attributes
                0x00000a36       0x2c c:/ac6/systemworkbench/plugins/fr.ac6.mcu.externaltools.arm-none.win32_1.13.2.201703061525/tools/compiler/bin/../lib/gcc/arm-none-eabi/5.4.1/../../../../arm-none-eabi/lib/armv6-m\libc_nano.a(lib_a-localeconv.o)
 .ARM.attributes
                0x00000a62       0x2c c:/ac6/systemworkbench/plugins/fr.ac6.mcu.externaltools.arm-none.win32_1.13.2.201703061525/tools/compiler/bin/../lib/gcc/arm-none-eabi/5.4.1/../../../../arm-none-eabi/lib/armv6-m\libc_nano.a(lib_a-malloc.o)
 .ARM.attributes
                0x00000a8e       0x2c c:/ac6/systemworkbench/plugins/fr.ac6.mcu.externaltools.arm-none.win32_1.13.2.201703061525/tools/compiler/bin/../lib/gcc/arm-none-eabi/5.4.1/../../../../arm-none-eabi/lib/armv6-m\libc_nano.a(lib_a-mbtowc_r.o)
 .ARM.attributes
                0x00000aba       0x2c c:/ac6/systemworkbench/plugins/fr.ac6.mcu.externaltools.arm-none.win32_1.13.2.201703061525/tools/compiler/bin/../lib/gcc/arm-none-eabi/5.4.1/../../../../arm-none-eabi/lib/armv6-m\libc_nano.a(lib_a-memchr-stub.o)
 .ARM.attributes
                0x00000ae6       0x2c c:/ac6/systemworkbench/plugins/fr.ac6.mcu.externaltools.arm-none.win32_1.13.2.201703061525/tools/compiler/bin/../lib/gcc/arm-none-eabi/5.4.1/../../../../arm-none-eabi/lib/armv6-m\libc_nano.a(lib_a-mprec.o)
 .ARM.attributes
                0x00000b12       0x2c c:/ac6/systemworkbench/plugins/fr.ac6.mcu.externaltools.arm-none.win32_1.13.2.201703061525/tools/compiler/bin/../lib/gcc/arm-none-eabi/5.4.1/../../../../arm-none-eabi/lib/armv6-m\libc_nano.a(lib_a-nano-callocr.o)
 .ARM.attributes
                0x00000b3e       0x2c c:/ac6/systemworkbench/plugins/fr.ac6.mcu.externaltools.arm-none.win32_1.13.2.201703061525/tools/compiler/bin/../lib/gcc/arm-none-eabi/5.4.1/../../../../arm-none-eabi/lib/armv6-m\libc_nano.a(lib_a-nano-freer.o)
 .ARM.attributes
                0x00000b6a       0x2c c:/ac6/systemworkbench/plugins/fr.ac6.mcu.externaltools.arm-none.win32_1.13.2.201703061525/tools/compiler/bin/../lib/gcc/arm-none-eabi/5.4.1/../../../../arm-none-eabi/lib/armv6-m\libc_nano.a(lib_a-nano-mallocr.o)
 .ARM.attributes
                0x00000b96       0x2c c:/ac6/systemworkbench/plugins/fr.ac6.mcu.externaltools.arm-none.win32_1.13.2.201703061525/tools/compiler/bin/../lib/gcc/arm-none-eabi/5.4.1/../../../../arm-none-eabi/lib/armv6-m\libc_nano.a(lib_a-nano-svfprintf.o)
 .ARM.attributes
                0x00000bc2       0x2c c:/ac6/systemworkbench/plugins/fr.ac6.mcu.externaltools.arm-none.win32_1.13.2.201703061525/tools/compiler/bin/../lib/gcc/arm-none-eabi/5.4.1/../../../../arm-none-eabi/lib/armv6-m\libc_nano.a(lib_a-sbrkr.o)
 .ARM.attributes
                0x00000bee       0x2c c:/ac6/systemworkbench/plugins/fr.ac6.mcu.externaltools.arm-none.win32_1.13.2.201703061525/tools/compiler/bin/../lib/gcc/arm-none-eabi/5.4.1/../../../../arm-none-eabi/lib/armv6-m\libc_nano.a(lib_a-wctomb_r.o)
 .ARM.attributes
                0x00000c1a       0x2c c:/ac6/systemworkbench/plugins/fr.ac6.mcu.externaltools.arm-none.win32_1.13.2.201703061525/tools/compiler/bin/../lib/gcc/arm-none-eabi/5.4.1/../../../../arm-none-eabi/lib/armv6-m\libc_nano.a(lib_a-ctype_.o)
 .ARM.attributes
                0x00000c46       0x2c c:/ac6/systemworkbench/plugins/fr.ac6.mcu.externaltools.arm-none.win32_1.13.2.201703061525/tools/compiler/bin/../lib/gcc/arm-none-eabi/5.4.1/../../../../arm-none-eabi/lib/armv6-m\libc_nano.a(lib_a-memmove.o)
 .ARM.attributes
                0x00000c72       0x2c c:/ac6/systemworkbench/plugins/fr.ac6.mcu.externaltools.arm-none.win32_1.13.2.201703061525/tools/compiler/bin/../lib/gcc/arm-none-eabi/5.4.1/../../../../arm-none-eabi/lib/armv6-m\libc_nano.a(lib_a-mlock.o)
 .ARM.attributes
                0x00000c9e       0x2c c:/ac6/systemworkbench/plugins/fr.ac6.mcu.externaltools.arm-none.win32_1.13.2.201703061525/tools/compiler/bin/../lib/gcc/arm-none-eabi/5.4.1/../../../../arm-none-eabi/lib/armv6-m\libc_nano.a(lib_a-nano-reallocr.o)
 .ARM.attributes
                0x00000cca       0x2c c:/ac6/systemworkbench/plugins/fr.ac6.mcu.externaltools.arm-none.win32_1.13.2.201703061525/tools/compiler/bin/../lib/gcc/arm-none-eabi/5.4.1/../../../../arm-none-eabi/lib/armv6-m\libc_nano.a(lib_a-reent.o)
 .ARM.attributes
                0x00000cf6       0x2c c:/ac6/systemworkbench/plugins/fr.ac6.mcu.externaltools.arm-none.win32_1.13.2.201703061525/tools/compiler/bin/../lib/gcc/arm-none-eabi/5.4.1/../../../../arm-none-eabi/lib/armv6-m\libc_nano.a(lib_a-nano-msizer.o)
 .ARM.attributes
                0x00000d22       0x1e c:/ac6/systemworkbench/plugins/fr.ac6.mcu.externaltools.arm-none.win32_1.13.2.201703061525/tools/compiler/bin/../lib/gcc/arm-none-eabi/5.4.1/armv6-m\libgcc.a(_thumb1_case_uqi.o)
 .ARM.attributes
                0x00000d40       0x1e c:/ac6/systemworkbench/plugins/fr.ac6.mcu.externaltools.arm-none.win32_1.13.2.201703061525/tools/compiler/bin/../lib/gcc/arm-none-eabi/5.4.1/armv6-m\libgcc.a(_arm_cmpdf2.o)
 .ARM.attributes
                0x00000d5e       0x2c c:/ac6/systemworkbench/plugins/fr.ac6.mcu.externaltools.arm-none.win32_1.13.2.201703061525/tools/compiler/bin/../lib/gcc/arm-none-eabi/5.4.1/armv6-m\libgcc.a(adddf3.o)
 .ARM.attributes
                0x00000d8a       0x2c c:/ac6/systemworkbench/plugins/fr.ac6.mcu.externaltools.arm-none.win32_1.13.2.201703061525/tools/compiler/bin/../lib/gcc/arm-none-eabi/5.4.1/armv6-m\libgcc.a(divdf3.o)
 .ARM.attributes
                0x00000db6       0x2c c:/ac6/systemworkbench/plugins/fr.ac6.mcu.externaltools.arm-none.win32_1.13.2.201703061525/tools/compiler/bin/../lib/gcc/arm-none-eabi/5.4.1/armv6-m\libgcc.a(eqdf2.o)
 .ARM.attributes
                0x00000de2       0x2c c:/ac6/systemworkbench/plugins/fr.ac6.mcu.externaltools.arm-none.win32_1.13.2.201703061525/tools/compiler/bin/../lib/gcc/arm-none-eabi/5.4.1/armv6-m\libgcc.a(gedf2.o)
 .ARM.attributes
                0x00000e0e       0x2c c:/ac6/systemworkbench/plugins/fr.ac6.mcu.externaltools.arm-none.win32_1.13.2.201703061525/tools/compiler/bin/../lib/gcc/arm-none-eabi/5.4.1/armv6-m\libgcc.a(ledf2.o)
 .ARM.attributes
                0x00000e3a       0x2c c:/ac6/systemworkbench/plugins/fr.ac6.mcu.externaltools.arm-none.win32_1.13.2.201703061525/tools/compiler/bin/../lib/gcc/arm-none-eabi/5.4.1/armv6-m\libgcc.a(subdf3.o)
 .ARM.attributes
                0x00000e66       0x2c c:/ac6/systemworkbench/plugins/fr.ac6.mcu.externaltools.arm-none.win32_1.13.2.201703061525/tools/compiler/bin/../lib/gcc/arm-none-eabi/5.4.1/armv6-m\libgcc.a(unorddf2.o)
 .ARM.attributes
                0x00000e92       0x2c c:/ac6/systemworkbench/plugins/fr.ac6.mcu.externaltools.arm-none.win32_1.13.2.201703061525/tools/compiler/bin/../lib/gcc/arm-none-eabi/5.4.1/armv6-m\libgcc.a(fixdfsi.o)
 .ARM.attributes
                0x00000ebe       0x2c c:/ac6/systemworkbench/plugins/fr.ac6.mcu.externaltools.arm-none.win32_1.13.2.201703061525/tools/compiler/bin/../lib/gcc/arm-none-eabi/5.4.1/armv6-m\libgcc.a(floatunsidf.o)
 .ARM.attributes
                0x00000eea       0x2c c:/ac6/systemworkbench/plugins/fr.ac6.mcu.externaltools.arm-none.win32_1.13.2.201703061525/tools/compiler/bin/../lib/gcc/arm-none-eabi/5.4.1/../../../../arm-none-eabi/lib/armv6-m\libnosys.a(sbrk.o)
 .ARM.attributes
                0x00000f16       0x1e c:/ac6/systemworkbench/plugins/fr.ac6.mcu.externaltools.arm-none.win32_1.13.2.201703061525/tools/compiler/bin/../lib/gcc/arm-none-eabi/5.4.1/armv6-m/crtn.o
OUTPUT(STM32L073_Nucleo.elf elf32-littlearm)

.debug_info     0x00000000    0x1c311
 .debug_info    0x00000000      0x790 Drivers/STM32L0xx_HAL_Driver/Src/stm32l0xx_hal.o
 .debug_info    0x00000790      0xe62 Drivers/STM32L0xx_HAL_Driver/Src/stm32l0xx_hal_adc.o
 .debug_info    0x000015f2      0x755 Drivers/STM32L0xx_HAL_Driver/Src/stm32l0xx_hal_adc_ex.o
 .debug_info    0x00001d47      0x8b9 Drivers/STM32L0xx_HAL_Driver/Src/stm32l0xx_hal_cortex.o
 .debug_info    0x00002600      0x80a Drivers/STM32L0xx_HAL_Driver/Src/stm32l0xx_hal_dac.o
 .debug_info    0x00002e0a      0x9e7 Drivers/STM32L0xx_HAL_Driver/Src/stm32l0xx_hal_dac_ex.o
 .debug_info    0x000037f1      0x6a6 Drivers/STM32L0xx_HAL_Driver/Src/stm32l0xx_hal_dma.o
 .debug_info    0x00003e97      0x647 Drivers/STM32L0xx_HAL_Driver/Src/stm32l0xx_hal_gpio.o
 .debug_info    0x000044de     0x3112 Drivers/STM32L0xx_HAL_Driver/Src/stm32l0xx_hal_i2c.o
 .debug_info    0x000075f0      0x842 Drivers/STM32L0xx_HAL_Driver/Src/stm32l0xx_hal_i2c_ex.o
 .debug_info    0x00007e32      0xbdd Drivers/STM32L0xx_HAL_Driver/Src/stm32l0xx_hal_rcc.o
 .debug_info    0x00008a0f      0x8e9 Drivers/STM32L0xx_HAL_Driver/Src/stm32l0xx_hal_rcc_ex.o
 .debug_info    0x000092f8      0xd08 Drivers/STM32L0xx_HAL_Driver/Src/stm32l0xx_hal_rtc.o
 .debug_info    0x0000a000      0xfb5 Drivers/STM32L0xx_HAL_Driver/Src/stm32l0xx_hal_rtc_ex.o
 .debug_info    0x0000afb5     0x154d Drivers/STM32L0xx_HAL_Driver/Src/stm32l0xx_hal_spi.o
 .debug_info    0x0000c502     0x2c29 Drivers/STM32L0xx_HAL_Driver/Src/stm32l0xx_hal_tim.o
 .debug_info    0x0000f12b      0x5a1 Drivers/STM32L0xx_HAL_Driver/Src/stm32l0xx_hal_tim_ex.o
 .debug_info    0x0000f6cc     0x1994 Drivers/STM32L0xx_HAL_Driver/Src/stm32l0xx_hal_uart.o
 .debug_info    0x00011060      0x8ee Drivers/STM32L0xx_HAL_Driver/Src/stm32l0xx_hal_uart_ex.o
 .debug_info    0x0001194e      0xccd Src/adc.o
 .debug_info    0x0001261b     0x1331 Src/callback.o
 .debug_info    0x0001394c      0x5ac Src/gpio.o
 .debug_info    0x00013ef8     0x2909 Src/main.o
 .debug_info    0x00016801      0xa7e Src/print_menu.o
 .debug_info    0x0001727f      0x9ae Src/rtc.o
 .debug_info    0x00017c2d      0x65e Src/spi.o
 .debug_info    0x0001828b     0x1cf9 Src/stm32l0xx_hal_msp.o
 .debug_info    0x00019f84      0xda6 Src/stm32l0xx_it.o
 .debug_info    0x0001ad2a      0x37b Src/system_stm32l0xx.o
 .debug_info    0x0001b0a5      0x76b Src/tim.o
 .debug_info    0x0001b810      0xa7e Src/uart.o
 .debug_info    0x0001c28e       0x83 startup/startup_stm32l073xx.o

.debug_abbrev   0x00000000     0x3876
 .debug_abbrev  0x00000000      0x209 Drivers/STM32L0xx_HAL_Driver/Src/stm32l0xx_hal.o
 .debug_abbrev  0x00000209      0x204 Drivers/STM32L0xx_HAL_Driver/Src/stm32l0xx_hal_adc.o
 .debug_abbrev  0x0000040d      0x19f Drivers/STM32L0xx_HAL_Driver/Src/stm32l0xx_hal_adc_ex.o
 .debug_abbrev  0x000005ac      0x264 Drivers/STM32L0xx_HAL_Driver/Src/stm32l0xx_hal_cortex.o
 .debug_abbrev  0x00000810      0x18e Drivers/STM32L0xx_HAL_Driver/Src/stm32l0xx_hal_dac.o
 .debug_abbrev  0x0000099e      0x1f1 Drivers/STM32L0xx_HAL_Driver/Src/stm32l0xx_hal_dac_ex.o
 .debug_abbrev  0x00000b8f      0x1f0 Drivers/STM32L0xx_HAL_Driver/Src/stm32l0xx_hal_dma.o
 .debug_abbrev  0x00000d7f      0x1cb Drivers/STM32L0xx_HAL_Driver/Src/stm32l0xx_hal_gpio.o
 .debug_abbrev  0x00000f4a      0x213 Drivers/STM32L0xx_HAL_Driver/Src/stm32l0xx_hal_i2c.o
 .debug_abbrev  0x0000115d      0x192 Drivers/STM32L0xx_HAL_Driver/Src/stm32l0xx_hal_i2c_ex.o
 .debug_abbrev  0x000012ef      0x242 Drivers/STM32L0xx_HAL_Driver/Src/stm32l0xx_hal_rcc.o
 .debug_abbrev  0x00001531      0x1ec Drivers/STM32L0xx_HAL_Driver/Src/stm32l0xx_hal_rcc_ex.o
 .debug_abbrev  0x0000171d      0x19c Drivers/STM32L0xx_HAL_Driver/Src/stm32l0xx_hal_rtc.o
 .debug_abbrev  0x000018b9      0x1ab Drivers/STM32L0xx_HAL_Driver/Src/stm32l0xx_hal_rtc_ex.o
 .debug_abbrev  0x00001a64      0x219 Drivers/STM32L0xx_HAL_Driver/Src/stm32l0xx_hal_spi.o
 .debug_abbrev  0x00001c7d      0x219 Drivers/STM32L0xx_HAL_Driver/Src/stm32l0xx_hal_tim.o
 .debug_abbrev  0x00001e96      0x17e Drivers/STM32L0xx_HAL_Driver/Src/stm32l0xx_hal_tim_ex.o
 .debug_abbrev  0x00002014      0x24a Drivers/STM32L0xx_HAL_Driver/Src/stm32l0xx_hal_uart.o
 .debug_abbrev  0x0000225e      0x1e9 Drivers/STM32L0xx_HAL_Driver/Src/stm32l0xx_hal_uart_ex.o
 .debug_abbrev  0x00002447      0x1d4 Src/adc.o
 .debug_abbrev  0x0000261b      0x1b8 Src/callback.o
 .debug_abbrev  0x000027d3      0x194 Src/gpio.o
 .debug_abbrev  0x00002967      0x22f Src/main.o
 .debug_abbrev  0x00002b96      0x1b1 Src/print_menu.o
 .debug_abbrev  0x00002d47      0x1b5 Src/rtc.o
 .debug_abbrev  0x00002efc      0x186 Src/spi.o
 .debug_abbrev  0x00003082      0x1f2 Src/stm32l0xx_hal_msp.o
 .debug_abbrev  0x00003274      0x182 Src/stm32l0xx_it.o
 .debug_abbrev  0x000033f6       0xf3 Src/system_stm32l0xx.o
 .debug_abbrev  0x000034e9      0x1c7 Src/tim.o
 .debug_abbrev  0x000036b0      0x1b4 Src/uart.o
 .debug_abbrev  0x00003864       0x12 startup/startup_stm32l073xx.o

.debug_loc      0x00000000     0xee9c
 .debug_loc     0x00000000       0xac Drivers/STM32L0xx_HAL_Driver/Src/stm32l0xx_hal.o
 .debug_loc     0x000000ac      0xb4a Drivers/STM32L0xx_HAL_Driver/Src/stm32l0xx_hal_adc.o
 .debug_loc     0x00000bf6      0x2b5 Drivers/STM32L0xx_HAL_Driver/Src/stm32l0xx_hal_adc_ex.o
 .debug_loc     0x00000eab      0x39b Drivers/STM32L0xx_HAL_Driver/Src/stm32l0xx_hal_cortex.o
 .debug_loc     0x00001246      0x295 Drivers/STM32L0xx_HAL_Driver/Src/stm32l0xx_hal_dac.o
 .debug_loc     0x000014db      0x852 Drivers/STM32L0xx_HAL_Driver/Src/stm32l0xx_hal_dac_ex.o
 .debug_loc     0x00001d2d      0x550 Drivers/STM32L0xx_HAL_Driver/Src/stm32l0xx_hal_dma.o