main.c:623:13:MX_GPIO_Init	64	static
main.c:601:13:MX_DMA_Init	16	static
main.c:665:6:Error_Handler	0	static
main.c:410:13:MX_USART2_UART_Init	8	static
main.c:281:13:MX_ADC_Init	16	static
main.c:330:13:MX_DAC_Init	16	static
main.c:432:13:MX_RTC_Init	72	static
main.c:575:13:MX_TIM6_Init	16	static
main.c:523:13:MX_TIM3_Init	48	static
main.c:500:13:MX_SPI2_Init	8	static
main.c:355:13:MX_I2C2_Init	8	static
main.c:389:13:MX_LPUART1_UART_Init	8	static
main.c:220:6:SystemClock_Config	128	static
main.c:136:5:main	8	static
