stm32l0xx_hal_msp.c:52:6:HAL_MspInit	8	static
stm32l0xx_hal_msp.c:74:6:HAL_ADC_MspInit	32	static
stm32l0xx_hal_msp.c:101:6:HAL_ADC_MspDeInit	8	static
stm32l0xx_hal_msp.c:124:6:HAL_DAC_MspInit	32	static
stm32l0xx_hal_msp.c:154:6:HAL_DAC_MspDeInit	8	static
stm32l0xx_hal_msp.c:186:6:HAL_I2C_MspInit	32	static
stm32l0xx_hal_msp.c:216:6:HAL_I2C_MspDeInit	8	static
stm32l0xx_hal_msp.c:240:6:HAL_UART_MspInit	32	static
stm32l0xx_hal_msp.c:317:6:HAL_UART_MspDeInit	8	static
stm32l0xx_hal_msp.c:368:6:HAL_RTC_MspInit	8	static
stm32l0xx_hal_msp.c:388:6:HAL_RTC_MspDeInit	8	static
stm32l0xx_hal_msp.c:409:6:HAL_SPI_MspInit	48	static
stm32l0xx_hal_msp.c:481:6:HAL_SPI_MspDeInit	8	static
stm32l0xx_hal_msp.c:511:6:HAL_TIM_Base_MspInit	40	static
stm32l0xx_hal_msp.c:575:6:HAL_TIM_Base_MspDeInit	8	static
