stm32l0xx_it.c:61:6:SVC_Handler	0	static
stm32l0xx_it.c:74:6:PendSV_Handler	0	static
stm32l0xx_it.c:87:6:SysTick_Handler	8	static
stm32l0xx_it.c:109:6:RTC_IRQHandler	8	static
stm32l0xx_it.c:123:6:EXTI4_15_IRQHandler	8	static
stm32l0xx_it.c:137:6:DMA1_Channel2_3_IRQHandler	8	static
stm32l0xx_it.c:151:6:DMA1_Channel4_5_6_7_IRQHandler	8	static
stm32l0xx_it.c:167:6:TIM3_IRQHandler	8	static
stm32l0xx_it.c:181:6:TIM6_DAC_IRQHandler	8	static
stm32l0xx_it.c:196:6:USART2_IRQHandler	8	static
stm32l0xx_it.c:210:6:RNG_LPUART1_IRQHandler	8	static
